Component: ARM Compiler 5.06 update 5 (build 528) Tool: armlink [4d35e2]

==============================================================================

Section Cross References

    startup_stm32f103xe.o(RESET) refers to startup_stm32f103xe.o(STACK) for __initial_sp
    startup_stm32f103xe.o(RESET) refers to startup_stm32f103xe.o(.text) for Reset_Handler
    startup_stm32f103xe.o(RESET) refers to stm32f1xx_it.o(i.NMI_Handler) for NMI_Handler
    startup_stm32f103xe.o(RESET) refers to stm32f1xx_it.o(i.HardFault_Handler) for HardFault_Handler
    startup_stm32f103xe.o(RESET) refers to stm32f1xx_it.o(i.MemManage_Handler) for MemManage_Handler
    startup_stm32f103xe.o(RESET) refers to stm32f1xx_it.o(i.BusFault_Handler) for BusFault_Handler
    startup_stm32f103xe.o(RESET) refers to stm32f1xx_it.o(i.UsageFault_Handler) for UsageFault_Handler
    startup_stm32f103xe.o(RESET) refers to stm32f1xx_it.o(i.SVC_Handler) for SVC_Handler
    startup_stm32f103xe.o(RESET) refers to stm32f1xx_it.o(i.DebugMon_Handler) for DebugMon_Handler
    startup_stm32f103xe.o(RESET) refers to stm32f1xx_it.o(i.PendSV_Handler) for PendSV_Handler
    startup_stm32f103xe.o(RESET) refers to stm32f1xx_it.o(i.SysTick_Handler) for SysTick_Handler
    startup_stm32f103xe.o(RESET) refers to stm32f1xx_it.o(i.EXTI1_IRQHandler) for EXTI1_IRQHandler
    startup_stm32f103xe.o(RESET) refers to stm32f1xx_it.o(i.EXTI2_IRQHandler) for EXTI2_IRQHandler
    startup_stm32f103xe.o(RESET) refers to stm32f1xx_it.o(i.EXTI3_IRQHandler) for EXTI3_IRQHandler
    startup_stm32f103xe.o(RESET) refers to stm32f1xx_it.o(i.DMA1_Channel1_IRQHandler) for DMA1_Channel1_IRQHandler
    startup_stm32f103xe.o(RESET) refers to stm32f1xx_it.o(i.DMA1_Channel2_IRQHandler) for DMA1_Channel2_IRQHandler
    startup_stm32f103xe.o(RESET) refers to stm32f1xx_it.o(i.DMA1_Channel3_IRQHandler) for DMA1_Channel3_IRQHandler
    startup_stm32f103xe.o(RESET) refers to stm32f1xx_it.o(i.DMA1_Channel4_IRQHandler) for DMA1_Channel4_IRQHandler
    startup_stm32f103xe.o(RESET) refers to stm32f1xx_it.o(i.DMA1_Channel5_IRQHandler) for DMA1_Channel5_IRQHandler
    startup_stm32f103xe.o(RESET) refers to stm32f1xx_it.o(i.ADC1_2_IRQHandler) for ADC1_2_IRQHandler
    startup_stm32f103xe.o(RESET) refers to stm32f1xx_it.o(i.EXTI9_5_IRQHandler) for EXTI9_5_IRQHandler
    startup_stm32f103xe.o(RESET) refers to stm32f1xx_it.o(i.USART1_IRQHandler) for USART1_IRQHandler
    startup_stm32f103xe.o(RESET) refers to stm32f1xx_it.o(i.USART3_IRQHandler) for USART3_IRQHandler
    startup_stm32f103xe.o(RESET) refers to stm32f1xx_it.o(i.EXTI15_10_IRQHandler) for EXTI15_10_IRQHandler
    startup_stm32f103xe.o(RESET) refers to stm32f1xx_it.o(i.TIM5_IRQHandler) for TIM5_IRQHandler
    startup_stm32f103xe.o(RESET) refers to stm32f1xx_it.o(i.TIM6_IRQHandler) for TIM6_IRQHandler
    startup_stm32f103xe.o(RESET) refers to stm32f1xx_it.o(i.TIM7_IRQHandler) for TIM7_IRQHandler
    startup_stm32f103xe.o(.text) refers to system_stm32f1xx.o(i.SystemInit) for SystemInit
    startup_stm32f103xe.o(.text) refers to entry.o(.ARM.Collect$$$$00000000) for __main
    common.o(i.GetUniqueID) refers to printfa.o(i.__0sprintf) for __2sprintf
    common.o(i.GetUniqueID) refers to common.o(.bss) for .bss
    common.o(i.HAL_GPIO_EXTI_Callback) refers to ultrasonicwave.o(i.UltrasonicWave_Echo) for UltrasonicWave_Echo
    common.o(i.HAL_GPIO_EXTI_Callback) refers to led_show.o(.data) for g_LED_key_down
    common.o(i.HAL_GPIO_EXTI_Callback) refers to ctrl_menu.o(.data) for g_btn0_flag
    common.o(i.HAL_TIM_PeriodElapsedCallback) refers to speed_encoder.o(i.Speed_Encoder_Update) for Speed_Encoder_Update
    common.o(i.HAL_TIM_PeriodElapsedCallback) refers to tim.o(.bss) for htim5
    common.o(i.HAL_TIM_PeriodElapsedCallback) refers to ultrasonicwave.o(.data) for g_ultrawave_state
    common.o(i.HAL_TIM_PeriodElapsedCallback) refers to common.o(.data) for .data
    common.o(i.HAL_TIM_PeriodElapsedCallback) refers to car_control.o(.data) for g_car_ctrl_state
    common.o(i.HAL_TIM_PeriodElapsedCallback) refers to music.o(.data) for g_music_state
    common.o(i.HAL_TIM_PeriodElapsedCallback) refers to led_show.o(.data) for g_LED_Show_state
    common.o(i.Show_Unique_ID) refers to oled_i2c.o(i.OLED_ShowAscii) for OLED_ShowAscii
    common.o(i.Show_Unique_ID) refers to common.o(.bss) for .bss
    common.o(i.System_Init) refers to uart_dma.o(i.StartAllUartDMAReceive) for StartAllUartDMAReceive
    common.o(i.System_Init) refers to led_show.o(i.UserLED_Init) for UserLED_Init
    common.o(i.System_Init) refers to common.o(i.GetUniqueID) for GetUniqueID
    common.o(i.System_Init) refers to motor_drive.o(i.Moto_Ctrl_Init) for Moto_Ctrl_Init
    common.o(i.System_Init) refers to speed_encoder.o(i.Speed_Encoder_Init) for Speed_Encoder_Init
    common.o(i.System_Init) refers to ultrasonicwave.o(i.UltrasonicWave_Init) for UltrasonicWave_Init
    common.o(i.System_Init) refers to ctrl_menu.o(i.Ctrl_Menu_Init) for Ctrl_Menu_Init
[...]
    .constdata                               0x080074d2   Section       16  system_stm32f1xx.o(.constdata)
    .constdata                               0x080074e2   Section        8  system_stm32f1xx.o(.constdata)
    .data                                    0x20000000   Section       12  common.o(.data)
    counter                                  0x20000008   Data           4  common.o(.data)
    .data                                    0x2000000c   Section       68  motor_drive.o(.data)
    dir                                      0x2000000d   Data           1  motor_drive.o(.data)
    degree                                   0x2000000e   Data           2  motor_drive.o(.data)
    .data                                    0x20000050   Section       20  music.o(.data)
    g_melody_length                          0x20000052   Data           2  music.o(.data)
    g_note_index                             0x20000054   Data           2  music.o(.data)
    g_current_melody                         0x20000058   Data           4  music.o(.data)
    g_note_start_time                        0x2000005c   Data           4  music.o(.data)
    g_music_timer                            0x20000060   Data           4  music.o(.data)
    .data                                    0x20000064   Section       12  oled_i2c.o(.data)
    .data                                    0x20000070   Section       44  speed_encoder.o(.data)
    index                                    0x20000071   Data           1  speed_encoder.o(.data)
    speed                                    0x20000074   Data           8  speed_encoder.o(.data)
    counter                                  0x2000007c   Data           8  speed_encoder.o(.data)
    .data                                    0x2000009c   Section      652  car_control.o(.data)
    index                                    0x2000009d   Data           1  car_control.o(.data)
    last_speed                               0x200000b0   Data           8  car_control.o(.data)
    speed_intergrade                         0x200000b8   Data           8  car_control.o(.data)
    speed                                    0x200000c0   Data           8  car_control.o(.data)
    pwm                                      0x200000c8   Data           8  car_control.o(.data)
    .data                                    0x20000328   Section        8  ctrl_menu.o(.data)
    .data                                    0x20000330   Section       56  ultrasonicwave.o(.data)
    .data                                    0x20000368   Section       58  led_show.o(.data)
    i                                        0x2000036a   Data           1  led_show.o(.data)
    col                                      0x2000036b   Data           1  led_show.o(.data)
    cat                                      0x2000036c   Data           1  led_show.o(.data)
    .data                                    0x200003a4   Section       48  user_command.o(.data)
    tag_flag                                 0x200003a4   Data           1  user_command.o(.data)
    index                                    0x200003a5   Data           1  user_command.o(.data)
    .data                                    0x200003d4   Section       12  stm32f1xx_hal.o(.data)
    .data                                    0x200003e0   Section        4  system_stm32f1xx.o(.data)
    .data                                    0x200003e4   Section        4  stdout.o(.data)
    .bss                                     0x200003e8   Section       25  common.o(.bss)
    .bss                                     0x20000404   Section     1168  uart_dma.o(.bss)
    .bss                                     0x20000894   Section       14  car_control.o(.bss)
    .bss                                     0x200008a2   Section       64  user_command.o(.bss)
    .bss                                     0x200008e4   Section      116  adc.o(.bss)
    .bss                                     0x20000958   Section       84  i2c.o(.bss)
    .bss                                     0x200009ac   Section      176  spi.o(.bss)
    .bss                                     0x20000a5c   Section      576  tim.o(.bss)
    .bss                                     0x20000c9c   Section      416  usart.o(.bss)
    STACK                                    0x20000e40   Section     1024  startup_stm32f103xe.o(STACK)

    Global Symbols

    Symbol Name                              Value     Ov Type        Size  Object(Section)

    BuildAttributes$$THM_ISAv4$P$D$K$B$S$PE$A:L22UL41UL21$X:L11$S22US41US21$IEEE1$IW$USESV6$~STKCKD$USESV7$~SHL$OTIME$ROPI$EBA8$MICROLIB$REQ8$PRES8$EABIv2 0x00000000   Number         0  anon$$obj.o ABSOLUTE
    __ARM_use_no_argv                        0x00000000   Number         0  main.o ABSOLUTE
    _printf_a                                0x00000000   Number         0  stubs.o ABSOLUTE
    _printf_c                                0x00000000   Number         0  stubs.o ABSOLUTE
    _printf_charcount                        0x00000000   Number         0  stubs.o ABSOLUTE
    _printf_d                                0x00000000   Number         0  stubs.o ABSOLUTE
    _printf_e                                0x00000000   Number         0  stubs.o ABSOLUTE
    _printf_f                                0x00000000   Number         0  stubs.o ABSOLUTE
    _printf_flags                            0x00000000   Number         0  stubs.o ABSOLUTE
    _printf_fp_dec                           0x00000000   Number         0  stubs.o ABSOLUTE
    _printf_fp_hex                           0x00000000   Number         0  stubs.o ABSOLUTE
    _printf_g                                0x00000000   Number         0  stubs.o ABSOLUTE
    _printf_i                                0x00000000   Number         0  stubs.o ABSOLUTE
    _printf_int_dec                          0x00000000   Number         0  stubs.o ABSOLUTE
    _printf_l                                0x00000000   Number         0  stubs.o ABSOLUTE
    _printf_lc                               0x00000000   Number         0  stubs.o ABSOLUTE
    _printf_ll                               0x00000000   Number         0  stubs.o ABSOLUTE
    _printf_lld                              0x00000000   Number         0  stubs.o ABSOLUTE
    _printf_lli                              0x00000000   Number         0  stubs.o ABSOLUTE
    _printf_llo                              0x00000000   Number         0  stubs.o ABSOLUTE
    _printf_llu                              0x00000000   Number         0  stubs.o ABSOLUTE
    _printf_llx                              0x00000000   Number         0  stubs.o ABSOLUTE
    _printf_longlong_dec                     0x00000000   Number         0  stubs.o ABSOLUTE
    _printf_longlong_hex                     0x00000000   Number         0  stubs.o ABSOLUTE
    _printf_longlong_oct                     0x00000000   Number         0  stubs.o ABSOLUTE
    _printf_ls                               0x00000000   Number         0  stubs.o ABSOLUTE
    _printf_mbtowc                           0x00000000   Number         0  stubs.o ABSOLUTE
    _printf_n                                0x00000000   Number         0  stubs.o ABSOLUTE
    _printf_o                                0x00000000   Number         0  stubs.o ABSOLUTE
    _printf_p                                0x00000000   Number         0  stubs.o ABSOLUTE
    _printf_percent                          0x00000000   Number         0  stubs.o ABSOLUTE
    _printf_pre_padding                      0x00000000   Number         0  stubs.o ABSOLUTE
    _printf_return_value                     0x00000000   Number         0  stubs.o ABSOLUTE
    _printf_s                                0x00000000   Number         0  stubs.o ABSOLUTE
    _printf_sizespec                         0x00000000   Number         0  stubs.o ABSOLUTE
    _printf_str                              0x00000000   Number         0  stubs.o ABSOLUTE
    _printf_truncate_signed                  0x00000000   Number         0  stubs.o ABSOLUTE
    _printf_truncate_unsigned                0x00000000   Number         0  stubs.o ABSOLUTE
    _printf_u                                0x00000000   Number         0  stubs.o ABSOLUTE
    _printf_wc                               0x00000000   Number         0  stubs.o ABSOLUTE
    _printf_wctomb                           0x00000000   Number         0  stubs.o ABSOLUTE
    _printf_widthprec                        0x00000000   Number         0  stubs.o ABSOLUTE
    _printf_x                                0x00000000   Number         0  stubs.o ABSOLUTE
    __cpp_initialize__aeabi_                  - Undefined Weak Reference
    __cxa_finalize                            - Undefined Weak Reference
    _clock_init                               - Undefined Weak Reference
    _microlib_exit                            - Undefined Weak Reference
    __Vectors_Size                           0x00000130   Number         0  startup_stm32f103xe.o ABSOLUTE
    __Vectors                                0x08000000   Data           4  startup_stm32f103xe.o(RESET)
    __Vectors_End                            0x08000130   Data           0  startup_stm32f103xe.o(RESET)
    __main                                   0x08000131   Thumb Code     0  entry.o(.ARM.Collect$$$$00000000)
    _main_stk                                0x08000131   Thumb Code     0  entry2.o(.ARM.Collect$$$$00000001)
    _main_scatterload                        0x08000135   Thumb Code     0  entry5.o(.ARM.Collect$$$$00000004)
    __main_after_scatterload                 0x08000139   Thumb Code     0  entry5.o(.ARM.Collect$$$$00000004)
    _main_clock                              0x08000139   Thumb Code     0  entry7b.o(.ARM.Collect$$$$00000008)
    _main_cpp_init                           0x08000139   Thumb Code     0  entry8b.o(.ARM.Collect$$$$0000000A)
    _main_init                               0x08000139   Thumb Code     0  entry9a.o(.ARM.Collect$$$$0000000B)
    __rt_final_cpp                           0x08000141   Thumb Code     0  entry10a.o(.ARM.Collect$$$$0000000D)
    __rt_final_exit                          0x08000141   Thumb Code     0  entry11a.o(.ARM.Collect$$$$0000000F)
    Reset_Handler                            0x08000145   Thumb Code     8  startup_stm32f103xe.o(.text)
    ADC3_IRQHandler                          0x0800015f   Thumb Code     0  startup_stm32f103xe.o(.text)
    CAN1_RX1_IRQHandler                      0x0800015f   Thumb Code     0  startup_stm32f103xe.o(.text)
    CAN1_SCE_IRQHandler                      0x0800015f   Thumb Code     0  startup_stm32f103xe.o(.text)
    DMA1_Channel6_IRQHandler                 0x0800015f   Thumb Code     0  startup_stm32f103xe.o(.text)
    DMA1_Channel7_IRQHandler                 0x0800015f   Thumb Code     0  startup_stm32f103xe.o(.text)
    DMA2_Channel1_IRQHandler                 0x0800015f   Thumb Code     0  startup_stm32f103xe.o(.text)
    DMA2_Channel2_IRQHandler                 0x0800015f   Thumb Code     0  startup_stm32f103xe.o(.text)
    DMA2_Channel3_IRQHandler                 0x0800015f   Thumb Code     0  startup_stm32f103xe.o(.text)
    DMA2_Channel4_5_IRQHandler               0x0800015f   Thumb Code     0  startup_stm32f103xe.o(.text)
    EXTI0_IRQHandler                         0x0800015f   Thumb Code     0  startup_stm32f103xe.o(.text)
    EXTI4_IRQHandler                         0x0800015f   Thumb Code     0  startup_stm32f103xe.o(.text)
    FLASH_IRQHandler                         0x0800015f   Thumb Code     0  startup_stm32f103xe.o(.text)
    FSMC_IRQHandler                          0x0800015f   Thumb Code     0  startup_stm32f103xe.o(.text)
    I2C1_ER_IRQHandler                       0x0800015f   Thumb Code     0  startup_stm32f103xe.o(.text)
    I2C1_EV_IRQHandler                       0x0800015f   Thumb Code     0  startup_stm32f103xe.o(.text)
    I2C2_ER_IRQHandler                       0x0800015f   Thumb Code     0  startup_stm32f103xe.o(.text)
    I2C2_EV_IRQHandler                       0x0800015f   Thumb Code     0  startup_stm32f103xe.o(.text)
    PVD_IRQHandler                           0x0800015f   Thumb Code     0  startup_stm32f103xe.o(.text)
    RCC_IRQHandler                           0x0800015f   Thumb Code     0  startup_stm32f103xe.o(.text)
    RTC_Alarm_IRQHandler                     0x0800015f   Thumb Code     0  startup_stm32f103xe.o(.text)
    RTC_IRQHandler                           0x0800015f   Thumb Code     0  startup_stm32f103xe.o(.text)
    SDIO_IRQHandler                          0x0800015f   Thumb Code     0  startup_stm32f103xe.o(.text)
    SPI1_IRQHandler                          0x0800015f   Thumb Code     0  startup_stm32f103xe.o(.text)
    SPI2_IRQHandler                          0x0800015f   Thumb Code     0  startup_stm32f103xe.o(.text)
    SPI3_IRQHandler                          0x0800015f   Thumb Code     0  startup_stm32f103xe.o(.text)
    TAMPER_IRQHandler                        0x0800015f   Thumb Code     0  startup_stm32f103xe.o(.text)
    TIM1_BRK_IRQHandler                      0x0800015f   Thumb Code     0  startup_stm32f103xe.o(.text)
    TIM1_CC_IRQHandler                       0x0800015f   Thumb Code     0  startup_stm32f103xe.o(.text)
    TIM1_TRG_COM_IRQHandler                  0x0800015f   Thumb Code     0  startup_stm32f103xe.o(.text)
    TIM1_UP_IRQHandler                       0x0800015f   Thumb Code     0  startup_stm32f103xe.o(.text)
    TIM2_IRQHandler                          0x0800015f   Thumb Code     0  startup_stm32f103xe.o(.text)
    TIM3_IRQHandler                          0x0800015f   Thumb Code     0  startup_stm32f103xe.o(.text)
    TIM4_IRQHandler                          0x0800015f   Thumb Code     0  startup_stm32f103xe.o(.text)
    TIM8_BRK_IRQHandler                      0x0800015f   Thumb Code     0  startup_stm32f103xe.o(.text)
    TIM8_CC_IRQHandler                       0x0800015f   Thumb Code     0  startup_stm32f103xe.o(.text)
    TIM8_TRG_COM_IRQHandler                  0x0800015f   Thumb Code     0  startup_stm32f103xe.o(.text)
    TIM8_UP_IRQHandler                       0x0800015f   Thumb Code     0  startup_stm32f103xe.o(.text)
    UART4_IRQHandler                         0x0800015f   Thumb Code     0  startup_stm32f103xe.o(.text)
    UART5_IRQHandler                         0x0800015f   Thumb Code     0  startup_stm32f103xe.o(.text)
    USART2_IRQHandler                        0x0800015f   Thumb Code     0  startup_stm32f103xe.o(.text)
    USBWakeUp_IRQHandler                     0x0800015f   Thumb Code     0  startup_stm32f103xe.o(.text)
    USB_HP_CAN1_TX_IRQHandler                0x0800015f   Thumb Code     0  startup_stm32f103xe.o(.text)
    USB_LP_CAN1_RX0_IRQHandler               0x0800015f   Thumb Code     0  startup_stm32f103xe.o(.text)
    WWDG_IRQHandler                          0x0800015f   Thumb Code     0  startup_stm32f103xe.o(.text)
    __aeabi_llsr                             0x08000169   Thumb Code    32  llushr.o(.text)
    _ll_ushift_r                             0x08000169   Thumb Code     0  llushr.o(.text)
    __aeabi_memset                           0x08000189   Thumb Code    14  memseta.o(.text)
    __aeabi_memset4                          0x08000189   Thumb Code     0  memseta.o(.text)
    __aeabi_memset8                          0x08000189   Thumb Code     0  memseta.o(.text)
    __aeabi_memclr                           0x08000197   Thumb Code     4  memseta.o(.text)
    __aeabi_memclr4                          0x08000197   Thumb Code     0  memseta.o(.text)
    __aeabi_memclr8                          0x08000197   Thumb Code     0  memseta.o(.text)
    _memset$wrapper                          0x0800019b   Thumb Code    18  memseta.o(.text)
    strlen                                   0x080001ad   Thumb Code    14  strlen.o(.text)
    strcasecmp                               0x080001bb   Thumb Code    42  strcasecmp.o(.text)
    strncasecmp                              0x080001e5   Thumb Code    50  strncasecmp.o(.text)
    __aeabi_fadd                             0x08000217   Thumb Code   164  fadd.o(.text)
    __aeabi_fsub                             0x080002bb   Thumb Code     6  fadd.o(.text)
    __aeabi_frsub                            0x080002c1   Thumb Code     6  fadd.o(.text)
    __aeabi_fmul                             0x080002c7   Thumb Code   100  fmul.o(.text)
    __aeabi_ddiv                             0x0800032b   Thumb Code   222  ddiv.o(.text)
    __aeabi_i2f                              0x08000409   Thumb Code    18  fflti.o(.text)
    __aeabi_ui2d                             0x0800041b   Thumb Code    26  dfltui.o(.text)
    __aeabi_f2iz                             0x08000435   Thumb Code    50  ffixi.o(.text)
    __aeabi_uidiv                            0x08000467   Thumb Code     0  uidiv.o(.text)
    __aeabi_uidivmod                         0x08000467   Thumb Code    44  uidiv.o(.text)
    __aeabi_uldivmod                         0x08000493   Thumb Code    98  uldiv.o(.text)
    tolower                                  0x080004f5   Thumb Code    12  tolower.o(.text)
    __I$use$fp                               0x08000501   Thumb Code     0  iusefp.o(.text)
    _float_round                             0x08000501   Thumb Code    18  fepilogue.o(.text)
    _float_epilogue                          0x08000513   Thumb Code    92  fepilogue.o(.text)
    _double_round                            0x0800056f   Thumb Code    30  depilogue.o(.text)
    _double_epilogue                         0x0800058d   Thumb Code   156  depilogue.o(.text)
    __aeabi_dadd                             0x08000629   Thumb Code   322  dadd.o(.text)
    __aeabi_dsub                             0x0800076b   Thumb Code     6  dadd.o(.text)
    __aeabi_drsub                            0x08000771   Thumb Code     6  dadd.o(.text)
    __aeabi_dmul                             0x08000777   Thumb Code   228  dmul.o(.text)
    __aeabi_d2ulz                            0x0800085b   Thumb Code    48  dfixul.o(.text)
    __aeabi_cdrcmple                         0x0800088d   Thumb Code    48  cdrcmple.o(.text)
    __scatterload                            0x080008bd   Thumb Code    28  init.o(.text)
    __scatterload_rt2                        0x080008bd   Thumb Code     0  init.o(.text)
    __aeabi_llsl                             0x080008e1   Thumb Code    30  llshl.o(.text)
    _ll_shift_l                              0x080008e1   Thumb Code     0  llshl.o(.text)
    __aeabi_lasr                             0x080008ff   Thumb Code    36  llsshr.o(.text)
    _ll_sshift_r                             0x080008ff   Thumb Code     0  llsshr.o(.text)
    __decompress                             0x08000923   Thumb Code     0  __dczerorl2.o(.text)
    __decompress1                            0x08000923   Thumb Code    86  __dczerorl2.o(.text)
    ADC1_2_IRQHandler                        0x08000979   Thumb Code     6  stm32f1xx_it.o(i.ADC1_2_IRQHandler)
    ADC_ConversionStop_Disable               0x08000985   Thumb Code    86  stm32f1xx_hal_adc.o(i.ADC_ConversionStop_Disable)
    BusFault_Handler                         0x080009db   Thumb Code     2  stm32f1xx_it.o(i.BusFault_Handler)
    CarCtrl_Backward                         0x080009dd   Thumb Code    30  car_control.o(i.CarCtrl_Backward)
    CarCtrl_Forward                          0x08000a01   Thumb Code    28  car_control.o(i.CarCtrl_Forward)
    CarCtrl_Init                             0x08000a21   Thumb Code    24  car_control.o(i.CarCtrl_Init)
    CarCtrl_Left                             0x08000a41   Thumb Code    28  car_control.o(i.CarCtrl_Left)
    CarCtrl_Mission1                         0x08000a61   Thumb Code    22  car_control.o(i.CarCtrl_Mission1)
    CarCtrl_Mission2                         0x08000a7d   Thumb Code    24  car_control.o(i.CarCtrl_Mission2)
    CarCtrl_Mission3                         0x08000a99   Thumb Code    24  car_control.o(i.CarCtrl_Mission3)
    CarCtrl_PlanSet                          0x08000ab5   Thumb Code   168  car_control.o(i.CarCtrl_PlanSet)
    CarCtrl_Process                          0x08000b69   Thumb Code    42  car_control.o(i.CarCtrl_Process)
    CarCtrl_Right                            0x08000b99   Thumb Code    30  car_control.o(i.CarCtrl_Right)
    CarCtrl_Show                             0x08000bbd   Thumb Code   176  car_control.o(i.CarCtrl_Show)
    CarCtrl_SpeedDown                        0x08000c81   Thumb Code    22  car_control.o(i.CarCtrl_SpeedDown)
    CarCtrl_SpeedUp                          0x08000c9d   Thumb Code    22  car_control.o(i.CarCtrl_SpeedUp)
    CarCtrl_Speed_PID                        0x08000cb9   Thumb Code   192  car_control.o(i.CarCtrl_Speed_PID)
    CarCtrl_Start                            0x08000d85   Thumb Code     8  car_control.o(i.CarCtrl_Start)
    CarCtrl_Stop                             0x08000d91   Thumb Code     8  car_control.o(i.CarCtrl_Stop)
    CarCtrl_Straight                         0x08000d9d   Thumb Code    12  car_control.o(i.CarCtrl_Straight)
    CheckUartRxData                          0x08000dad   Thumb Code   124  uart_dma.o(i.CheckUartRxData)
    CheckUartTxData                          0x08000e2d   Thumb Code   110  uart_dma.o(i.CheckUartTxData)
    CheckUserCmd                             0x08000ea1   Thumb Code    34  user_command.o(i.CheckUserCmd)
    Ctrl_Menu_Init                           0x08000ec9   Thumb Code    28  ctrl_menu.o(i.Ctrl_Menu_Init)
    Ctrl_Menu_Item                           0x08000efd   Thumb Code    56  ctrl_menu.o(i.Ctrl_Menu_Item)
    Ctrl_Menu_Process                        0x08000f3d   Thumb Code    90  ctrl_menu.o(i.Ctrl_Menu_Process)
    Ctrl_Menu_Return                         0x08000fa1   Thumb Code    46  ctrl_menu.o(i.Ctrl_Menu_Return)
    Ctrl_Menu_Show                           0x08000fd9   Thumb Code   164  ctrl_menu.o(i.Ctrl_Menu_Show)
    DMA1_Channel1_IRQHandler                 0x08001089   Thumb Code     6  stm32f1xx_it.o(i.DMA1_Channel1_IRQHandler)
    DMA1_Channel2_IRQHandler                 0x08001095   Thumb Code     6  stm32f1xx_it.o(i.DMA1_Channel2_IRQHandler)
    DMA1_Channel3_IRQHandler                 0x080010a1   Thumb Code     6  stm32f1xx_it.o(i.DMA1_Channel3_IRQHandler)
    DMA1_Channel4_IRQHandler                 0x080010ad   Thumb Code     6  stm32f1xx_it.o(i.DMA1_Channel4_IRQHandler)
    DMA1_Channel5_IRQHandler                 0x080010b9   Thumb Code     6  stm32f1xx_it.o(i.DMA1_Channel5_IRQHandler)
    DebugMon_Handler                         0x080010ef   Thumb Code     2  stm32f1xx_it.o(i.DebugMon_Handler)
    Drive_Moto_Ctrl                          0x080010f1   Thumb Code   134  motor_drive.o(i.Drive_Moto_Ctrl)
    Drive_Moto_Init                          0x0800117d   Thumb Code   470  motor_drive.o(i.Drive_Moto_Init)
    EXTI15_10_IRQHandler                     0x08001375   Thumb Code     8  stm32f1xx_it.o(i.EXTI15_10_IRQHandler)
    EXTI1_IRQHandler                         0x0800137d   Thumb Code     6  stm32f1xx_it.o(i.EXTI1_IRQHandler)
    EXTI2_IRQHandler                         0x08001383   Thumb Code     6  stm32f1xx_it.o(i.EXTI2_IRQHandler)
    EXTI3_IRQHandler                         0x08001389   Thumb Code     6  stm32f1xx_it.o(i.EXTI3_IRQHandler)
    EXTI9_5_IRQHandler                       0x0800138f   Thumb Code     6  stm32f1xx_it.o(i.EXTI9_5_IRQHandler)
    Error_Handler                            0x08001395   Thumb Code     4  main.o(i.Error_Handler)
    HAL_ADCEx_InjectedConvCpltCallback       0x08001491   Thumb Code     2  stm32f1xx_hal_adc_ex.o(i.HAL_ADCEx_InjectedConvCpltCallback)
    HAL_ADC_ConfigChannel                    0x08001495   Thumb Code   240  stm32f1xx_hal_adc.o(i.HAL_ADC_ConfigChannel)
    HAL_ADC_ConvCpltCallback                 0x08001591   Thumb Code     2  stm32f1xx_hal_adc.o(i.HAL_ADC_ConvCpltCallback)
    HAL_ADC_IRQHandler                       0x08001593   Thumb Code   220  stm32f1xx_hal_adc.o(i.HAL_ADC_IRQHandler)
    HAL_ADC_Init                             0x08001671   Thumb Code   272  stm32f1xx_hal_adc.o(i.HAL_ADC_Init)
    HAL_ADC_LevelOutOfWindowCallback         0x08001791   Thumb Code     2  stm32f1xx_hal_adc.o(i.HAL_ADC_LevelOutOfWindowCallback)
    HAL_ADC_MspInit                          0x08001795   Thumb Code   136  adc.o(i.HAL_ADC_MspInit)
    HAL_DMA_Abort                            0x08001831   Thumb Code    70  stm32f1xx_hal_dma.o(i.HAL_DMA_Abort)
    HAL_DMA_Abort_IT                         0x08001879   Thumb Code   296  stm32f1xx_hal_dma.o(i.HAL_DMA_Abort_IT)
    HAL_DMA_IRQHandler                       0x080019a9   Thumb Code   552  stm32f1xx_hal_dma.o(i.HAL_DMA_IRQHandler)
    HAL_DMA_Init                             0x08001bf1   Thumb Code   112  stm32f1xx_hal_dma.o(i.HAL_DMA_Init)
    HAL_DMA_Start_IT                         0x08001c6d   Thumb Code   112  stm32f1xx_hal_dma.o(i.HAL_DMA_Start_IT)
    HAL_GPIO_EXTI_Callback                   0x08001cdd   Thumb Code    36  common.o(i.HAL_GPIO_EXTI_Callback)
    HAL_GPIO_EXTI_IRQHandler                 0x08001d0d   Thumb Code    18  stm32f1xx_hal_gpio.o(i.HAL_GPIO_EXTI_IRQHandler)
    HAL_GPIO_Init                            0x08001d25   Thumb Code   462  stm32f1xx_hal_gpio.o(i.HAL_GPIO_Init)
    HAL_GPIO_ReadPin                         0x08001f1d   Thumb Code    10  stm32f1xx_hal_gpio.o(i.HAL_GPIO_ReadPin)
    HAL_GPIO_WritePin                        0x08001f27   Thumb Code    10  stm32f1xx_hal_gpio.o(i.HAL_GPIO_WritePin)
    HAL_GetTick                              0x08001f31   Thumb Code     6  stm32f1xx_hal.o(i.HAL_GetTick)
    HAL_I2C_Init                             0x08001f3d   Thumb Code   376  stm32f1xx_hal_i2c.o(i.HAL_I2C_Init)
    HAL_I2C_Mem_Write                        0x080020c5   Thumb Code   294  stm32f1xx_hal_i2c.o(i.HAL_I2C_Mem_Write)
    HAL_I2C_MspInit                          0x080021f5   Thumb Code    82  i2c.o(i.HAL_I2C_MspInit)
    HAL_IncTick                              0x08002255   Thumb Code    12  stm32f1xx_hal.o(i.HAL_IncTick)
    HAL_Init                                 0x08002265   Thumb Code    32  stm32f1xx_hal.o(i.HAL_Init)
    HAL_InitTick                             0x08002289   Thumb Code    54  stm32f1xx_hal.o(i.HAL_InitTick)
    HAL_MspInit                              0x080022c9   Thumb Code    52  stm32f1xx_hal_msp.o(i.HAL_MspInit)
    HAL_NVIC_DisableIRQ                      0x08002305   Thumb Code    34  stm32f1xx_hal_cortex.o(i.HAL_NVIC_DisableIRQ)
    HAL_NVIC_EnableIRQ                       0x08002327   Thumb Code    26  stm32f1xx_hal_cortex.o(i.HAL_NVIC_EnableIRQ)
    HAL_NVIC_SetPriority                     0x08002341   Thumb Code    60  stm32f1xx_hal_cortex.o(i.HAL_NVIC_SetPriority)
    HAL_NVIC_SetPriorityGrouping             0x08002381   Thumb Code    26  stm32f1xx_hal_cortex.o(i.HAL_NVIC_SetPriorityGrouping)
    HAL_RCCEx_PeriphCLKConfig                0x080023a5   Thumb Code   224  stm32f1xx_hal_rcc_ex.o(i.HAL_RCCEx_PeriphCLKConfig)
    HAL_RCC_ClockConfig                      0x08002491   Thumb Code   280  stm32f1xx_hal_rcc.o(i.HAL_RCC_ClockConfig)
    HAL_RCC_GetPCLK1Freq                     0x080025bd   Thumb Code    20  stm32f1xx_hal_rcc.o(i.HAL_RCC_GetPCLK1Freq)
    HAL_RCC_GetPCLK2Freq                     0x080025dd   Thumb Code    20  stm32f1xx_hal_rcc.o(i.HAL_RCC_GetPCLK2Freq)
    HAL_RCC_GetSysClockFreq                  0x080025fd   Thumb Code    58  stm32f1xx_hal_rcc.o(i.HAL_RCC_GetSysClockFreq)
    HAL_RCC_OscConfig                        0x08002649   Thumb Code   778  stm32f1xx_hal_rcc.o(i.HAL_RCC_OscConfig)
    HAL_SPI_Init                             0x08002969   Thumb Code   178  stm32f1xx_hal_spi.o(i.HAL_SPI_Init)
    HAL_SPI_MspInit                          0x08002a1d   Thumb Code   154  spi.o(i.HAL_SPI_MspInit)
    HAL_SPI_Transmit                         0x08002acd   Thumb Code   358  stm32f1xx_hal_spi.o(i.HAL_SPI_Transmit)
    HAL_SYSTICK_Config                       0x08002c33   Thumb Code    40  stm32f1xx_hal_cortex.o(i.HAL_SYSTICK_Config)
    HAL_TIMEx_BreakCallback                  0x08002c5b   Thumb Code     2  stm32f1xx_hal_tim_ex.o(i.HAL_TIMEx_BreakCallback)
    HAL_TIMEx_CommutCallback                 0x08002c5d   Thumb Code     2  stm32f1xx_hal_tim_ex.o(i.HAL_TIMEx_CommutCallback)
    HAL_TIMEx_ConfigBreakDeadTime            0x08002c5f   Thumb Code    84  stm32f1xx_hal_tim_ex.o(i.HAL_TIMEx_ConfigBreakDeadTime)
    HAL_TIMEx_MasterConfigSynchronization    0x08002cb5   Thumb Code   104  stm32f1xx_hal_tim_ex.o(i.HAL_TIMEx_MasterConfigSynchronization)
    HAL_TIM_Base_Init                        0x08002d31   Thumb Code    90  stm32f1xx_hal_tim.o(i.HAL_TIM_Base_Init)
    HAL_TIM_Base_MspInit                     0x08002d8d   Thumb Code   166  tim.o(i.HAL_TIM_Base_MspInit)
    HAL_TIM_Base_Start_IT                    0x08002e49   Thumb Code    88  stm32f1xx_hal_tim.o(i.HAL_TIM_Base_Start_IT)
    HAL_TIM_Base_Stop_IT                     0x08002eb5   Thumb Code    48  stm32f1xx_hal_tim.o(i.HAL_TIM_Base_Stop_IT)
    HAL_TIM_ConfigClockSource                0x08002ee5   Thumb Code   220  stm32f1xx_hal_tim.o(i.HAL_TIM_ConfigClockSource)
    HAL_TIM_Encoder_Init                     0x08002fc1   Thumb Code   164  stm32f1xx_hal_tim.o(i.HAL_TIM_Encoder_Init)
    HAL_TIM_Encoder_MspInit                  0x08003065   Thumb Code   142  tim.o(i.HAL_TIM_Encoder_MspInit)
    HAL_TIM_Encoder_Start                    0x0800310d   Thumb Code   142  stm32f1xx_hal_tim.o(i.HAL_TIM_Encoder_Start)
    HAL_TIM_IC_CaptureCallback               0x0800319b   Thumb Code     2  stm32f1xx_hal_tim.o(i.HAL_TIM_IC_CaptureCallback)
    HAL_TIM_IRQHandler                       0x0800319d   Thumb Code   304  stm32f1xx_hal_tim.o(i.HAL_TIM_IRQHandler)
    HAL_TIM_MspPostInit                      0x080032cd   Thumb Code   158  tim.o(i.HAL_TIM_MspPostInit)
    HAL_TIM_OC_DelayElapsedCallback          0x08003385   Thumb Code     2  stm32f1xx_hal_tim.o(i.HAL_TIM_OC_DelayElapsedCallback)
    HAL_TIM_PWM_ConfigChannel                0x08003387   Thumb Code   204  stm32f1xx_hal_tim.o(i.HAL_TIM_PWM_ConfigChannel)
    HAL_TIM_PWM_Init                         0x08003453   Thumb Code    90  stm32f1xx_hal_tim.o(i.HAL_TIM_PWM_Init)
    HAL_TIM_PWM_MspInit                      0x080034ad   Thumb Code    30  tim.o(i.HAL_TIM_PWM_MspInit)
    HAL_TIM_PWM_PulseFinishedCallback        0x080034d5   Thumb Code     2  stm32f1xx_hal_tim.o(i.HAL_TIM_PWM_PulseFinishedCallback)
    HAL_TIM_PWM_Start                        0x080034d9   Thumb Code   160  stm32f1xx_hal_tim.o(i.HAL_TIM_PWM_Start)
    HAL_TIM_PWM_Stop                         0x0800358d   Thumb Code   114  stm32f1xx_hal_tim.o(i.HAL_TIM_PWM_Stop)
    HAL_TIM_PeriodElapsedCallback            0x08003609   Thumb Code   120  common.o(i.HAL_TIM_PeriodElapsedCallback)
    HAL_TIM_TriggerCallback                  0x080036a1   Thumb Code     2  stm32f1xx_hal_tim.o(i.HAL_TIM_TriggerCallback)
    HAL_UARTEx_RxEventCallback               0x080036a3   Thumb Code     2  stm32f1xx_hal_uart.o(i.HAL_UARTEx_RxEventCallback)
    HAL_UART_DMAStopRx                       0x080036a5   Thumb Code    52  uart_dma.o(i.HAL_UART_DMAStopRx)
    HAL_UART_EndRxTransfer_IT                0x080036d9   Thumb Code    28  uart_dma.o(i.HAL_UART_EndRxTransfer_IT)
    HAL_UART_ErrorCallback                   0x080036f5   Thumb Code     2  uart_dma.o(i.HAL_UART_ErrorCallback)
    HAL_UART_IRQHandler                      0x080036f9   Thumb Code   616  stm32f1xx_hal_uart.o(i.HAL_UART_IRQHandler)
    HAL_UART_Init                            0x08003965   Thumb Code   100  stm32f1xx_hal_uart.o(i.HAL_UART_Init)
    HAL_UART_MspInit                         0x080039c9   Thumb Code   390  usart.o(i.HAL_UART_MspInit)
    HAL_UART_Receive_DMA                     0x08003b71   Thumb Code    28  stm32f1xx_hal_uart.o(i.HAL_UART_Receive_DMA)
    HAL_UART_Receive_IT                      0x08003b8d   Thumb Code    28  stm32f1xx_hal_uart.o(i.HAL_UART_Receive_IT)
    HAL_UART_RxCpltCallback                  0x08003ba9   Thumb Code   166  uart_dma.o(i.HAL_UART_RxCpltCallback)
    HAL_UART_RxHalfCpltCallback              0x08003c65   Thumb Code     2  stm32f1xx_hal_uart.o(i.HAL_UART_RxHalfCpltCallback)
    HAL_UART_Transmit                        0x08003c67   Thumb Code   160  stm32f1xx_hal_uart.o(i.HAL_UART_Transmit)
    HAL_UART_Transmit_DMA                    0x08003d09   Thumb Code   106  stm32f1xx_hal_uart.o(i.HAL_UART_Transmit_DMA)
    HAL_UART_TxCpltCallback                  0x08003d81   Thumb Code   104  uart_dma.o(i.HAL_UART_TxCpltCallback)
    HAL_UART_TxHalfCpltCallback              0x08003dfd   Thumb Code     2  stm32f1xx_hal_uart.o(i.HAL_UART_TxHalfCpltCallback)
    HardFault_Handler                        0x08003dff   Thumb Code     2  stm32f1xx_it.o(i.HardFault_Handler)
    LEDSHOW                                  0x080040d5   Thumb Code   178  led_show.o(i.LEDSHOW)
    LED_Clear                                0x08004191   Thumb Code    18  led_show.o(i.LED_Clear)
    LED_Loop1                                0x080041a9   Thumb Code    94  led_show.o(i.LED_Loop1)
    MX_ADC1_Init                             0x08004211   Thumb Code    72  adc.o(i.MX_ADC1_Init)
    MX_DMA_Init                              0x08004261   Thumb Code   104  dma.o(i.MX_DMA_Init)
    MX_GPIO_Init                             0x080042cd   Thumb Code   396  gpio.o(i.MX_GPIO_Init)
    MX_I2C2_Init                             0x08004475   Thumb Code    50  i2c.o(i.MX_I2C2_Init)
    MX_SPI1_Init                             0x080044b5   Thumb Code    62  spi.o(i.MX_SPI1_Init)
    MX_SPI2_Init                             0x080044fd   Thumb Code    60  spi.o(i.MX_SPI2_Init)
    MX_TIM1_Init                             0x08004541   Thumb Code   150  tim.o(i.MX_TIM1_Init)
    MX_TIM2_Init                             0x080045e1   Thumb Code   176  tim.o(i.MX_TIM2_Init)
    MX_TIM3_Init                             0x08004695   Thumb Code    98  tim.o(i.MX_TIM3_Init)
    MX_TIM4_Init                             0x08004701   Thumb Code   158  tim.o(i.MX_TIM4_Init)
    MX_TIM5_Init                             0x080047a9   Thumb Code    92  tim.o(i.MX_TIM5_Init)
    MX_TIM6_Init                             0x0800480d   Thumb Code    60  tim.o(i.MX_TIM6_Init)
    MX_TIM7_Init                             0x08004851   Thumb Code    58  tim.o(i.MX_TIM7_Init)
    MX_TIM8_Init                             0x08004895   Thumb Code   100  tim.o(i.MX_TIM8_Init)
    MX_USART1_UART_Init                      0x08004901   Thumb Code    48  usart.o(i.MX_USART1_UART_Init)
    MX_USART3_UART_Init                      0x08004939   Thumb Code    48  usart.o(i.MX_USART3_UART_Init)
    MemManage_Handler                        0x08004971   Thumb Code     2  stm32f1xx_it.o(i.MemManage_Handler)
    Moto_Ctrl_Init                           0x08004975   Thumb Code   124  motor_drive.o(i.Moto_Ctrl_Init)
    Music_Init                               0x080049f5   Thumb Code    24  music.o(i.Music_Init)
    Music_Menu_Off                           0x08004a11   Thumb Code     2  music.o(i.Music_Menu_Off)
    Music_Menu_On                            0x08004a13   Thumb Code     2  music.o(i.Music_Menu_On)
    Music_Play                               0x08004aa9   Thumb Code    52  music.o(i.Music_Play)
    Music_PlayStartupSound                   0x08004ae1   Thumb Code     8  music.o(i.Music_PlayStartupSound)
    Music_Process                            0x08004aed   Thumb Code    96  music.o(i.Music_Process)
    Music_SetFrequency                       0x08004b51   Thumb Code    50  music.o(i.Music_SetFrequency)
    Music_Stop                               0x08004b8d   Thumb Code    16  music.o(i.Music_Stop)
    NMI_Handler                              0x08004ba1   Thumb Code     2  stm32f1xx_it.o(i.NMI_Handler)
    OLED_ShowAscii                           0x08004ba5   Thumb Code   152  oled_i2c.o(i.OLED_ShowAscii)
    OLED_address                             0x08004c41   Thumb Code    34  oled_i2c.o(i.OLED_address)
    OLED_clear                               0x08004c63   Thumb Code    40  oled_i2c.o(i.OLED_clear)
    OLED_command                             0x08004c8d   Thumb Code    32  oled_i2c.o(i.OLED_command)
    OLED_data                                0x08004cb1   Thumb Code    46  oled_i2c.o(i.OLED_data)
    OLED_init                                0x08004ce5   Thumb Code   144  oled_i2c.o(i.OLED_init)
    PendSV_Handler                           0x08004d75   Thumb Code     2  stm32f1xx_it.o(i.PendSV_Handler)
    SVC_Handler                              0x08004e65   Thumb Code     2  stm32f1xx_it.o(i.SVC_Handler)
    Show_Unique_ID                           0x08004e69   Thumb Code    36  common.o(i.Show_Unique_ID)
    Speed_Calculate                          0x08004e91   Thumb Code    38  speed_encoder.o(i.Speed_Calculate)
    Speed_Encoder_Init                       0x08004ec1   Thumb Code    38  speed_encoder.o(i.Speed_Encoder_Init)
    Speed_Encoder_Update                     0x08004eed   Thumb Code    50  speed_encoder.o(i.Speed_Encoder_Update)
    StartAllUartDMAReceive                   0x08004f25   Thumb Code    18  uart_dma.o(i.StartAllUartDMAReceive)
    StartUartByIndex                         0x08004f39   Thumb Code    30  uart_dma.o(i.StartUartByIndex)
    Steer_Moto_Ctrl                          0x08004f5d   Thumb Code    74  motor_drive.o(i.Steer_Moto_Ctrl)
    Steer_Moto_Init                          0x08004fad   Thumb Code   274  motor_drive.o(i.Steer_Moto_Init)
    SysTick_Handler                          0x080050e5   Thumb Code     4  stm32f1xx_it.o(i.SysTick_Handler)
    SystemClock_Config                       0x080050e9   Thumb Code   122  main.o(i.SystemClock_Config)
    SystemInit                               0x08005163   Thumb Code     2  system_stm32f1xx.o(i.SystemInit)
    System_Init                              0x08005165   Thumb Code    48  common.o(i.System_Init)
    System_Timer_Start                       0x080051a5   Thumb Code    42  common.o(i.System_Timer_Start)
    TIM5_IRQHandler                          0x080051d5   Thumb Code     6  stm32f1xx_it.o(i.TIM5_IRQHandler)
    TIM6_IRQHandler                          0x080051e1   Thumb Code     6  stm32f1xx_it.o(i.TIM6_IRQHandler)
    TIM7_IRQHandler                          0x080051ed   Thumb Code     6  stm32f1xx_it.o(i.TIM7_IRQHandler)
    TIM_Base_SetConfig                       0x080051f9   Thumb Code   134  stm32f1xx_hal_tim.o(i.TIM_Base_SetConfig)
    TIM_CCxChannelCmd                        0x08005295   Thumb Code    26  stm32f1xx_hal_tim.o(i.TIM_CCxChannelCmd)
    TIM_ETR_SetConfig                        0x080052af   Thumb Code    20  stm32f1xx_hal_tim.o(i.TIM_ETR_SetConfig)
    TIM_OC2_SetConfig                        0x08005335   Thumb Code    98  stm32f1xx_hal_tim.o(i.TIM_OC2_SetConfig)
    TxRxDataCallback                         0x0800549f   Thumb Code    18  uart_dma.o(i.TxRxDataCallback)
    UART_Start_Receive_DMA                   0x080057e1   Thumb Code   130  stm32f1xx_hal_uart.o(i.UART_Start_Receive_DMA)
    UART_Start_Receive_IT                    0x08005871   Thumb Code    54  stm32f1xx_hal_uart.o(i.UART_Start_Receive_IT)
    USART1_IRQHandler                        0x08005919   Thumb Code    18  stm32f1xx_it.o(i.USART1_IRQHandler)
    USART3_IRQHandler                        0x08005931   Thumb Code    18  stm32f1xx_it.o(i.USART3_IRQHandler)
    Uart1_RxDataCallback                     0x08005949   Thumb Code     4  uart_dma.o(i.Uart1_RxDataCallback)
    Uart1_TxDataCallback                     0x0800594d   Thumb Code     4  uart_dma.o(i.Uart1_TxDataCallback)
    Uart3_RxDataCallback                     0x08005951   Thumb Code     4  uart_dma.o(i.Uart3_RxDataCallback)
    Uart3_TxDataCallback                     0x08005955   Thumb Code     4  uart_dma.o(i.Uart3_TxDataCallback)
    UartCtrl_RxDataCallback                  0x08005959   Thumb Code    92  user_command.o(i.UartCtrl_RxDataCallback)
    Uart_Buf_Init                            0x080059bd   Thumb Code   134  uart_dma.o(i.Uart_Buf_Init)
    Uart_RxIDLE_Handler                      0x08005a4d   Thumb Code   300  uart_dma.o(i.Uart_RxIDLE_Handler)
    UltrasonicWave_Echo                      0x08005b81   Thumb Code   166  ultrasonicwave.o(i.UltrasonicWave_Echo)
    UltrasonicWave_Init                      0x08005c2d   Thumb Code    68  ultrasonicwave.o(i.UltrasonicWave_Init)
    UltrasonicWave_Menu                      0x08005c75   Thumb Code    14  ultrasonicwave.o(i.UltrasonicWave_Menu)
    UltrasonicWave_Process                   0x08005c89   Thumb Code   118  ultrasonicwave.o(i.UltrasonicWave_Process)
    UltrasonicWave_ShowDistance              0x08005d05   Thumb Code    88  ultrasonicwave.o(i.UltrasonicWave_ShowDistance)
    UltrasonicWave_Trig_Start                0x08005d81   Thumb Code   116  ultrasonicwave.o(i.UltrasonicWave_Trig_Start)
    UltrasonicWave_Trig_Stop                 0x08005df9   Thumb Code    92  ultrasonicwave.o(i.UltrasonicWave_Trig_Stop)
    UsageFault_Handler                       0x08005e59   Thumb Code     2  stm32f1xx_it.o(i.UsageFault_Handler)
    UserCmdParse                             0x08005e5b   Thumb Code   134  user_command.o(i.UserCmdParse)
    UserCtrlCmdCallback                      0x08005ee1   Thumb Code    26  user_command.o(i.UserCtrlCmdCallback)
    UserLEDShowProcess                       0x08005f0d   Thumb Code    78  led_show.o(i.UserLEDShowProcess)
    UserLED_Init                             0x08005f61   Thumb Code     4  led_show.o(i.UserLED_Init)
    UserLED_Show_Menu                        0x08005f65   Thumb Code    62  led_show.o(i.UserLED_Show_Menu)
    UserTasks                                0x08005fa9   Thumb Code    34  common.o(i.UserTasks)
    __0printf                                0x08005fcd   Thumb Code    22  printfa.o(i.__0printf)
    __1printf                                0x08005fcd   Thumb Code     0  printfa.o(i.__0printf)
    __2printf                                0x08005fcd   Thumb Code     0  printfa.o(i.__0printf)
    __c89printf                              0x08005fcd   Thumb Code     0  printfa.o(i.__0printf)
    printf                                   0x08005fcd   Thumb Code     0  printfa.o(i.__0printf)
    __0sprintf                               0x08005fed   Thumb Code    34  printfa.o(i.__0sprintf)
    __1sprintf                               0x08005fed   Thumb Code     0  printfa.o(i.__0sprintf)
    __2sprintf                               0x08005fed   Thumb Code     0  printfa.o(i.__0sprintf)
    __c89sprintf                             0x08005fed   Thumb Code     0  printfa.o(i.__0sprintf)
    sprintf                                  0x08005fed   Thumb Code     0  printfa.o(i.__0sprintf)
    __scatterload_copy                       0x08006035   Thumb Code    14  handlers.o(i.__scatterload_copy)
    __scatterload_null                       0x08006043   Thumb Code     2  handlers.o(i.__scatterload_null)
    __scatterload_zeroinit                   0x08006045   Thumb Code    14  handlers.o(i.__scatterload_zeroinit)
    fputc                                    0x08006911   Thumb Code    20  common.o(i.fputc)
    main                                     0x08006929   Thumb Code    86  main.o(i.main)
    ASCII                                    0x0800699c   Data        1520  oled_i2c.o(.constdata)
    g_uart_port_map                          0x08006fe4   Data         288  uart_dma.o(.constdata)
    g_menu                                   0x08007104   Data         812  ctrl_menu.o(.constdata)
    g_ShowData                               0x08007430   Data         144  led_show.o(.constdata)
    AHBPrescTable                            0x080074d2   Data          16  system_stm32f1xx.o(.constdata)
    APBPrescTable                            0x080074e2   Data           8  system_stm32f1xx.o(.constdata)
    Region$$Table$$Base                      0x080074ec   Number         0  anon$$obj.o(Region$$Table)
    Region$$Table$$Limit                     0x0800750c   Number         0  anon$$obj.o(Region$$Table)
    g_user_uart                              0x20000000   Data           4  common.o(.data)
    g_sys_timer                              0x20000004   Data           4  common.o(.data)
    g_servo_moto_test                        0x2000000c   Data           1  motor_drive.o(.data)
    g_drive_moto                             0x20000010   Data          32  motor_drive.o(.data)
    g_steer_moto                             0x20000030   Data          32  motor_drive.o(.data)
    g_music_state                            0x20000050   Data           1  music.o(.data)
    g_music_volume                           0x20000051   Data           1  music.o(.data)
    g_i2c_top_cmd                            0x20000064   Data           3  oled_i2c.o(.data)
    g_i2c_low_cmd                            0x20000067   Data           3  oled_i2c.o(.data)
    g_OLED_i2c                               0x2000006c   Data           4  oled_i2c.o(.data)
    g_speed_encoder_state                    0x20000070   Data           1  speed_encoder.o(.data)
    g_speed_encoder                          0x20000084   Data          24  speed_encoder.o(.data)
    g_car_ctrl_state                         0x2000009c   Data           1  car_control.o(.data)
    mission                                  0x200000a0   Data           4  car_control.o(.data)
    a                                        0x200000a4   Data           4  car_control.o(.data)
    b                                        0x200000a8   Data           4  car_control.o(.data)
    g_CarPlan_Ptr                            0x200000ac   Data           4  car_control.o(.data)
    g_avoid_ctrl                             0x200000d0   Data          12  car_control.o(.data)
    g_CarConfig                              0x200000dc   Data          12  car_control.o(.data)
    g_CarPlan_Base                           0x200000e8   Data          80  car_control.o(.data)
    g_CarPlan_Mission1                       0x20000138   Data          96  car_control.o(.data)
    g_CarPlan_Mission2                       0x20000198   Data         112  car_control.o(.data)
    g_CarPlan_Mission3                       0x20000208   Data         288  car_control.o(.data)
    g_menu_size                              0x20000328   Data           1  ctrl_menu.o(.data)
    g_cur_level                              0x20000329   Data           1  ctrl_menu.o(.data)
    g_cur_parent                             0x2000032a   Data           1  ctrl_menu.o(.data)
    g_cur_index                              0x2000032b   Data           1  ctrl_menu.o(.data)
    g_cur_level_item                         0x2000032c   Data           1  ctrl_menu.o(.data)
    g_menu_index                             0x2000032d   Data           1  ctrl_menu.o(.data)
    g_btn0_flag                              0x2000032e   Data           1  ctrl_menu.o(.data)
    g_btn1_flag                              0x2000032f   Data           1  ctrl_menu.o(.data)
    g_ultrawave_state                        0x20000330   Data           1  ultrasonicwave.o(.data)
    g_ultrawave_pos                          0x20000331   Data           1  ultrasonicwave.o(.data)
    g_ultra_wave_timer                       0x20000334   Data           4  ultrasonicwave.o(.data)
    g_ultrawave_data                         0x20000338   Data          48  ultrasonicwave.o(.data)
    g_LED_Show_state                         0x20000368   Data           1  led_show.o(.data)
    g_LED_key_down                           0x20000369   Data           1  led_show.o(.data)
    g_led_show_spi                           0x20000370   Data           4  led_show.o(.data)
    g_ledshow_time                           0x20000374   Data           4  led_show.o(.data)
    g_LED_CAT_RAM                            0x20000378   Data           6  led_show.o(.data)
    g_LED_Show_RAM                           0x2000037e   Data          24  led_show.o(.data)
    g_LED_MAP                                0x20000396   Data          12  led_show.o(.data)
    g_CarCtrlCmd                             0x200003a8   Data          44  user_command.o(.data)
    uwTickFreq                               0x200003d4   Data           1  stm32f1xx_hal.o(.data)
    uwTickPrio                               0x200003d8   Data           4  stm32f1xx_hal.o(.data)
    uwTick                                   0x200003dc   Data           4  stm32f1xx_hal.o(.data)
    SystemCoreClock                          0x200003e0   Data           4  system_stm32f1xx.o(.data)
    __stdout                                 0x200003e4   Data           4  stdout.o(.data)
    g_device_uid                             0x200003e8   Data          25  common.o(.bss)
    g_uart_buf                               0x20000404   Data        1168  uart_dma.o(.bss)
    g_CarCtrl                                0x20000894   Data          14  car_control.o(.bss)
    g_cmd_buf                                0x200008a2   Data          64  user_command.o(.bss)
    hadc1                                    0x200008e4   Data          48  adc.o(.bss)
    hdma_adc1                                0x20000914   Data          68  adc.o(.bss)
    hi2c2                                    0x20000958   Data          84  i2c.o(.bss)
    hspi1                                    0x200009ac   Data          88  spi.o(.bss)
    hspi2                                    0x20000a04   Data          88  spi.o(.bss)
    htim1                                    0x20000a5c   Data          72  tim.o(.bss)
    htim2                                    0x20000aa4   Data          72  tim.o(.bss)
    htim3                                    0x20000aec   Data          72  tim.o(.bss)
    htim4                                    0x20000b34   Data          72  tim.o(.bss)
    htim5                                    0x20000b7c   Data          72  tim.o(.bss)
    htim6                                    0x20000bc4   Data          72  tim.o(.bss)
    htim7                                    0x20000c0c   Data          72  tim.o(.bss)
    htim8                                    0x20000c54   Data          72  tim.o(.bss)
    huart1                                   0x20000c9c   Data          72  usart.o(.bss)
    huart3                                   0x20000ce4   Data          72  usart.o(.bss)
    hdma_usart1_rx                           0x20000d2c   Data          68  usart.o(.bss)
    hdma_usart1_tx                           0x20000d70   Data          68  usart.o(.bss)
    hdma_usart3_rx                           0x20000db4   Data          68  usart.o(.bss)
    hdma_usart3_tx                           0x20000df8   Data          68  usart.o(.bss)
    __initial_sp                             0x20001240   Data           0  startup_stm32f103xe.o(STACK)



==============================================================================

Memory Map of the image

  Image Entry point : 0x08000131

  Load Region LR_IROM1 (Base: 0x08000000, Size: 0x000078f4, Max: 0x00040000, ABSOLUTE, COMPRESSED[0x00007644])

    Execution Region ER_IROM1 (Exec base: 0x08000000, Load base: 0x08000000, Size: 0x0000750c, Max: 0x00040000, ABSOLUTE)

    Exec Addr    Load Addr    Size         Type   Attr      Idx    E Section Name        Object

    0x08000000   0x08000000   0x00000130   Data   RO            3    RESET               startup_stm32f103xe.o
    0x08000130   0x08000130   0x00000000   Code   RO         5132  * .ARM.Collect$$$$00000000  mc_w.l(entry.o)
    0x08000130   0x08000130   0x00000004   Code   RO         5428    .ARM.Collect$$$$00000001  mc_w.l(entry2.o)
    0x08000134   0x08000134   0x00000004   Code   RO         5431    .ARM.Collect$$$$00000004  mc_w.l(entry5.o)
    0x08000138   0x08000138   0x00000000   Code   RO         5433    .ARM.Collect$$$$00000008  mc_w.l(entry7b.o)
    0x08000138   0x08000138   0x00000000   Code   RO         5435    .ARM.Collect$$$$0000000A  mc_w.l(entry8b.o)
    0x08000138   0x08000138   0x00000008   Code   RO         5436    .ARM.Collect$$$$0000000B  mc_w.l(entry9a.o)
    0x08000140   0x08000140   0x00000000   Code   RO         5438    .ARM.Collect$$$$0000000D  mc_w.l(entry10a.o)
    0x08000140   0x08000140   0x00000000   Code   RO         5440    .ARM.Collect$$$$0000000F  mc_w.l(entry11a.o)
    0x08000140   0x08000140   0x00000004   Code   RO         5429    .ARM.Collect$$$$00002712  mc_w.l(entry2.o)
    0x08000144   0x08000144   0x00000024   Code   RO            4    .text               startup_stm32f103xe.o
    0x08000168   0x08000168   0x00000020   Code   RO         5135    .text               mc_w.l(llushr.o)
    0x08000188   0x08000188   0x00000024   Code   RO         5139    .text               mc_w.l(memseta.o)
    0x080001ac   0x080001ac   0x0000000e   Code   RO         5141    .text               mc_w.l(strlen.o)
    0x080001ba   0x080001ba   0x0000002a   Code   RO         5145    .text               mc_w.l(strcasecmp.o)
    0x080001e4   0x080001e4   0x00000032   Code   RO         5147    .text               mc_w.l(strncasecmp.o)
    0x08000216   0x08000216   0x000000b0   Code   RO         5410    .text               mf_w.l(fadd.o)
    0x080002c6   0x080002c6   0x00000064   Code   RO         5412    .text               mf_w.l(fmul.o)
    0x0800032a   0x0800032a   0x000000de   Code   RO         5416    .text               mf_w.l(ddiv.o)
    0x08000408   0x08000408   0x00000012   Code   RO         5418    .text               mf_w.l(fflti.o)
    0x0800041a   0x0800041a   0x0000001a   Code   RO         5420    .text               mf_w.l(dfltui.o)
    0x08000434   0x08000434   0x00000032   Code   RO         5422    .text               mf_w.l(ffixi.o)
    0x08000466   0x08000466   0x0000002c   Code   RO         5443    .text               mc_w.l(uidiv.o)
    0x08000492   0x08000492   0x00000062   Code   RO         5445    .text               mc_w.l(uldiv.o)
    0x080004f4   0x080004f4   0x0000000c   Code   RO         5447    .text               mc_w.l(tolower.o)
    0x08000500   0x08000500   0x00000000   Code   RO         5449    .text               mc_w.l(iusefp.o)
    0x08000500   0x08000500   0x0000006e   Code   RO         5450    .text               mf_w.l(fepilogue.o)
    0x0800056e   0x0800056e   0x000000ba   Code   RO         5452    .text               mf_w.l(depilogue.o)
    0x08000628   0x08000628   0x0000014e   Code   RO         5454    .text               mf_w.l(dadd.o)
    0x08000776   0x08000776   0x000000e4   Code   RO         5456    .text               mf_w.l(dmul.o)
    0x0800085a   0x0800085a   0x00000030   Code   RO         5458    .text               mf_w.l(dfixul.o)
    0x0800088a   0x0800088a   0x00000002   PAD
    0x0800088c   0x0800088c   0x00000030   Code   RO         5460    .text               mf_w.l(cdrcmple.o)
    0x080008bc   0x080008bc   0x00000024   Code   RO         5462    .text               mc_w.l(init.o)
    0x080008e0   0x080008e0   0x0000001e   Code   RO         5464    .text               mc_w.l(llshl.o)
    0x080008fe   0x080008fe   0x00000024   Code   RO         5466    .text               mc_w.l(llsshr.o)
    0x08000922   0x08000922   0x00000056   Code   RO         5476    .text               mc_w.l(__dczerorl2.o)
    0x08000978   0x08000978   0x0000000c   Code   RO         1517    i.ADC1_2_IRQHandler  stm32f1xx_it.o
    0x08000984   0x08000984   0x00000056   Code   RO         1749    i.ADC_ConversionStop_Disable  stm32f1xx_hal_adc.o
    0x080009da   0x080009da   0x00000002   Code   RO         1518    i.BusFault_Handler  stm32f1xx_it.o
    0x080009dc   0x080009dc   0x00000024   Code   RO          744    i.CarCtrl_Backward  car_control.o
    0x08000a00   0x08000a00   0x00000020   Code   RO          745    i.CarCtrl_Forward   car_control.o
    0x08000a20   0x08000a20   0x00000020   Code   RO          746    i.CarCtrl_Init      car_control.o
    0x08000a40   0x08000a40   0x00000020   Code   RO          747    i.CarCtrl_Left      car_control.o
    0x08000a60   0x08000a60   0x0000001c   Code   RO          748    i.CarCtrl_Mission1  car_control.o
    0x08000a7c   0x08000a7c   0x0000001c   Code   RO          749    i.CarCtrl_Mission2  car_control.o
    0x08000a98   0x08000a98   0x0000001c   Code   RO          750    i.CarCtrl_Mission3  car_control.o
    0x08000ab4   0x08000ab4   0x000000b4   Code   RO          751    i.CarCtrl_PlanSet   car_control.o
    0x08000b68   0x08000b68   0x00000030   Code   RO          752    i.CarCtrl_Process   car_control.o
    0x08000b98   0x08000b98   0x00000024   Code   RO          753    i.CarCtrl_Right     car_control.o
    0x08000bbc   0x08000bbc   0x000000c4   Code   RO          754    i.CarCtrl_Show      car_control.o
    0x08000c80   0x08000c80   0x0000001c   Code   RO          755    i.CarCtrl_SpeedDown  car_control.o
    0x08000c9c   0x08000c9c   0x0000001c   Code   RO          757    i.CarCtrl_SpeedUp   car_control.o
    0x08000cb8   0x08000cb8   0x000000cc   Code   RO          758    i.CarCtrl_Speed_PID  car_control.o
    0x08000d84   0x08000d84   0x0000000c   Code   RO          759    i.CarCtrl_Start     car_control.o
    0x08000d90   0x08000d90   0x0000000c   Code   RO          760    i.CarCtrl_Stop      car_control.o
    0x08000d9c   0x08000d9c   0x00000010   Code   RO          761    i.CarCtrl_Straight  car_control.o
    0x08000dac   0x08000dac   0x00000080   Code   RO          568    i.CheckUartRxData   uart_dma.o
    0x08000e2c   0x08000e2c   0x00000074   Code   RO          569    i.CheckUartTxData   uart_dma.o
    0x08000ea0   0x08000ea0   0x00000028   Code   RO         1077    i.CheckUserCmd      user_command.o
    0x08000ec8   0x08000ec8   0x00000034   Code   RO          884    i.Ctrl_Menu_Init    ctrl_menu.o
    0x08000efc   0x08000efc   0x00000040   Code   RO          885    i.Ctrl_Menu_Item    ctrl_menu.o
    0x08000f3c   0x08000f3c   0x00000064   Code   RO          886    i.Ctrl_Menu_Process  ctrl_menu.o
    0x08000fa0   0x08000fa0   0x00000038   Code   RO          887    i.Ctrl_Menu_Return  ctrl_menu.o
    0x08000fd8   0x08000fd8   0x000000b0   Code   RO          888    i.Ctrl_Menu_Show    ctrl_menu.o
    0x08001088   0x08001088   0x0000000c   Code   RO         1519    i.DMA1_Channel1_IRQHandler  stm32f1xx_it.o
    0x08001094   0x08001094   0x0000000c   Code   RO         1520    i.DMA1_Channel2_IRQHandler  stm32f1xx_it.o
    0x080010a0   0x080010a0   0x0000000c   Code   RO         1521    i.DMA1_Channel3_IRQHandler  stm32f1xx_it.o
    0x080010ac   0x080010ac   0x0000000c   Code   RO         1522    i.DMA1_Channel4_IRQHandler  stm32f1xx_it.o
    0x080010b8   0x080010b8   0x0000000c   Code   RO         1523    i.DMA1_Channel5_IRQHandler  stm32f1xx_it.o
    0x080010c4   0x080010c4   0x0000002a   Code   RO         2405    i.DMA_SetConfig     stm32f1xx_hal_dma.o
    0x080010ee   0x080010ee   0x00000002   Code   RO         1524    i.DebugMon_Handler  stm32f1xx_it.o
    0x080010f0   0x080010f0   0x0000008c   Code   RO          248    i.Drive_Moto_Ctrl   motor_drive.o
    0x0800117c   0x0800117c   0x000001f8   Code   RO          249    i.Drive_Moto_Init   motor_drive.o
    0x08001374   0x08001374   0x00000008   Code   RO         1525    i.EXTI15_10_IRQHandler  stm32f1xx_it.o
    0x0800137c   0x0800137c   0x00000006   Code   RO         1526    i.EXTI1_IRQHandler  stm32f1xx_it.o
    0x08001382   0x08001382   0x00000006   Code   RO         1527    i.EXTI2_IRQHandler  stm32f1xx_it.o
    0x08001388   0x08001388   0x00000006   Code   RO         1528    i.EXTI3_IRQHandler  stm32f1xx_it.o
    0x0800138e   0x0800138e   0x00000006   Code   RO         1529    i.EXTI9_5_IRQHandler  stm32f1xx_it.o
    0x08001394   0x08001394   0x00000004   Code   RO         1132    i.Error_Handler     main.o
    0x08001398   0x08001398   0x000000f8   Code   RO           13    i.GetUniqueID       common.o
    0x08001490   0x08001490   0x00000002   Code   RO         1931    i.HAL_ADCEx_InjectedConvCpltCallback  stm32f1xx_hal_adc_ex.o
    0x08001492   0x08001492   0x00000002   PAD
    0x08001494   0x08001494   0x000000fc   Code   RO         1755    i.HAL_ADC_ConfigChannel  stm32f1xx_hal_adc.o
    0x08001590   0x08001590   0x00000002   Code   RO         1756    i.HAL_ADC_ConvCpltCallback  stm32f1xx_hal_adc.o
    0x08001592   0x08001592   0x000000dc   Code   RO         1763    i.HAL_ADC_IRQHandler  stm32f1xx_hal_adc.o
    0x0800166e   0x0800166e   0x00000002   PAD
    0x08001670   0x08001670   0x00000120   Code   RO         1764    i.HAL_ADC_Init      stm32f1xx_hal_adc.o
    0x08001790   0x08001790   0x00000002   Code   RO         1765    i.HAL_ADC_LevelOutOfWindowCallback  stm32f1xx_hal_adc.o
    0x08001792   0x08001792   0x00000002   PAD
    0x08001794   0x08001794   0x0000009c   Code   RO         1200    i.HAL_ADC_MspInit   adc.o
    0x08001830   0x08001830   0x00000046   Code   RO         2406    i.HAL_DMA_Abort     stm32f1xx_hal_dma.o
    0x08001876   0x08001876   0x00000002   PAD
    0x08001878   0x08001878   0x00000130   Code   RO         2407    i.HAL_DMA_Abort_IT  stm32f1xx_hal_dma.o
    0x080019a8   0x080019a8   0x00000248   Code   RO         2411    i.HAL_DMA_IRQHandler  stm32f1xx_hal_dma.o
    0x08001bf0   0x08001bf0   0x0000007c   Code   RO         2412    i.HAL_DMA_Init      stm32f1xx_hal_dma.o
    0x08001c6c   0x08001c6c   0x00000070   Code   RO         2416    i.HAL_DMA_Start_IT  stm32f1xx_hal_dma.o
    0x08001cdc   0x08001cdc   0x00000030   Code   RO           14    i.HAL_GPIO_EXTI_Callback  common.o
    0x08001d0c   0x08001d0c   0x00000018   Code   RO         2341    i.HAL_GPIO_EXTI_IRQHandler  stm32f1xx_hal_gpio.o
    0x08001d24   0x08001d24   0x000001f8   Code   RO         2342    i.HAL_GPIO_Init     stm32f1xx_hal_gpio.o
    0x08001f1c   0x08001f1c   0x0000000a   Code   RO         2344    i.HAL_GPIO_ReadPin  stm32f1xx_hal_gpio.o
    0x08001f26   0x08001f26   0x0000000a   Code   RO         2346    i.HAL_GPIO_WritePin  stm32f1xx_hal_gpio.o
    0x08001f30   0x08001f30   0x0000000c   Code   RO         2036    i.HAL_GetTick       stm32f1xx_hal.o
    0x08001f3c   0x08001f3c   0x00000188   Code   RO         3013    i.HAL_I2C_Init      stm32f1xx_hal_i2c.o
    0x080020c4   0x080020c4   0x00000130   Code   RO         3034    i.HAL_I2C_Mem_Write  stm32f1xx_hal_i2c.o
    0x080021f4   0x080021f4   0x00000060   Code   RO         1266    i.HAL_I2C_MspInit   i2c.o
    0x08002254   0x08002254   0x00000010   Code   RO         2042    i.HAL_IncTick       stm32f1xx_hal.o
    0x08002264   0x08002264   0x00000024   Code   RO         2043    i.HAL_Init          stm32f1xx_hal.o
    0x08002288   0x08002288   0x00000040   Code   RO         2044    i.HAL_InitTick      stm32f1xx_hal.o
    0x080022c8   0x080022c8   0x0000003c   Code   RO         1689    i.HAL_MspInit       stm32f1xx_hal_msp.o
    0x08002304   0x08002304   0x00000022   Code   RO         2501    i.HAL_NVIC_DisableIRQ  stm32f1xx_hal_cortex.o
    0x08002326   0x08002326   0x0000001a   Code   RO         2502    i.HAL_NVIC_EnableIRQ  stm32f1xx_hal_cortex.o
    0x08002340   0x08002340   0x00000040   Code   RO         2508    i.HAL_NVIC_SetPriority  stm32f1xx_hal_cortex.o
    0x08002380   0x08002380   0x00000024   Code   RO         2509    i.HAL_NVIC_SetPriorityGrouping  stm32f1xx_hal_cortex.o
    0x080023a4   0x080023a4   0x000000ec   Code   RO         2304    i.HAL_RCCEx_PeriphCLKConfig  stm32f1xx_hal_rcc_ex.o
    0x08002490   0x08002490   0x0000012c   Code   RO         2200    i.HAL_RCC_ClockConfig  stm32f1xx_hal_rcc.o
    0x080025bc   0x080025bc   0x00000020   Code   RO         2207    i.HAL_RCC_GetPCLK1Freq  stm32f1xx_hal_rcc.o
    0x080025dc   0x080025dc   0x00000020   Code   RO         2208    i.HAL_RCC_GetPCLK2Freq  stm32f1xx_hal_rcc.o
    0x080025fc   0x080025fc   0x0000004c   Code   RO         2209    i.HAL_RCC_GetSysClockFreq  stm32f1xx_hal_rcc.o
    0x08002648   0x08002648   0x00000320   Code   RO         2212    i.HAL_RCC_OscConfig  stm32f1xx_hal_rcc.o
    0x08002968   0x08002968   0x000000b2   Code   RO         3450    i.HAL_SPI_Init      stm32f1xx_hal_spi.o
    0x08002a1a   0x08002a1a   0x00000002   PAD
    0x08002a1c   0x08002a1c   0x000000b0   Code   RO         1308    i.HAL_SPI_MspInit   spi.o
    0x08002acc   0x08002acc   0x00000166   Code   RO         3458    i.HAL_SPI_Transmit  stm32f1xx_hal_spi.o
    0x08002c32   0x08002c32   0x00000028   Code   RO         2513    i.HAL_SYSTICK_Config  stm32f1xx_hal_cortex.o
    0x08002c5a   0x08002c5a   0x00000002   Code   RO         4467    i.HAL_TIMEx_BreakCallback  stm32f1xx_hal_tim_ex.o
    0x08002c5c   0x08002c5c   0x00000002   Code   RO         4468    i.HAL_TIMEx_CommutCallback  stm32f1xx_hal_tim_ex.o
    0x08002c5e   0x08002c5e   0x00000054   Code   RO         4470    i.HAL_TIMEx_ConfigBreakDeadTime  stm32f1xx_hal_tim_ex.o
    0x08002cb2   0x08002cb2   0x00000002   PAD
    0x08002cb4   0x08002cb4   0x0000007c   Code   RO         4486    i.HAL_TIMEx_MasterConfigSynchronization  stm32f1xx_hal_tim_ex.o
    0x08002d30   0x08002d30   0x0000005a   Code   RO         3763    i.HAL_TIM_Base_Init  stm32f1xx_hal_tim.o
    0x08002d8a   0x08002d8a   0x00000002   PAD
    0x08002d8c   0x08002d8c   0x000000bc   Code   RO         1356    i.HAL_TIM_Base_MspInit  tim.o
    0x08002e48   0x08002e48   0x0000006c   Code   RO         3768    i.HAL_TIM_Base_Start_IT  stm32f1xx_hal_tim.o
    0x08002eb4   0x08002eb4   0x00000030   Code   RO         3771    i.HAL_TIM_Base_Stop_IT  stm32f1xx_hal_tim.o
    0x08002ee4   0x08002ee4   0x000000dc   Code   RO         3772    i.HAL_TIM_ConfigClockSource  stm32f1xx_hal_tim.o
    0x08002fc0   0x08002fc0   0x000000a4   Code   RO         3784    i.HAL_TIM_Encoder_Init  stm32f1xx_hal_tim.o
    0x08003064   0x08003064   0x000000a8   Code   RO         1358    i.HAL_TIM_Encoder_MspInit  tim.o
    0x0800310c   0x0800310c   0x0000008e   Code   RO         3787    i.HAL_TIM_Encoder_Start  stm32f1xx_hal_tim.o
    0x0800319a   0x0800319a   0x00000002   Code   RO         3797    i.HAL_TIM_IC_CaptureCallback  stm32f1xx_hal_tim.o
    0x0800319c   0x0800319c   0x00000130   Code   RO         3811    i.HAL_TIM_IRQHandler  stm32f1xx_hal_tim.o
    0x080032cc   0x080032cc   0x000000b8   Code   RO         1359    i.HAL_TIM_MspPostInit  tim.o
    0x08003384   0x08003384   0x00000002   Code   RO         3814    i.HAL_TIM_OC_DelayElapsedCallback  stm32f1xx_hal_tim.o
    0x08003386   0x08003386   0x000000cc   Code   RO         3835    i.HAL_TIM_PWM_ConfigChannel  stm32f1xx_hal_tim.o
    0x08003452   0x08003452   0x0000005a   Code   RO         3838    i.HAL_TIM_PWM_Init  stm32f1xx_hal_tim.o
    0x080034ac   0x080034ac   0x00000028   Code   RO         1361    i.HAL_TIM_PWM_MspInit  tim.o
    0x080034d4   0x080034d4   0x00000002   Code   RO         3841    i.HAL_TIM_PWM_PulseFinishedCallback  stm32f1xx_hal_tim.o
    0x080034d6   0x080034d6   0x00000002   PAD
    0x080034d8   0x080034d8   0x000000b4   Code   RO         3843    i.HAL_TIM_PWM_Start  stm32f1xx_hal_tim.o
    0x0800358c   0x0800358c   0x0000007c   Code   RO         3846    i.HAL_TIM_PWM_Stop  stm32f1xx_hal_tim.o
    0x08003608   0x08003608   0x00000098   Code   RO           15    i.HAL_TIM_PeriodElapsedCallback  common.o
    0x080036a0   0x080036a0   0x00000002   Code   RO         3854    i.HAL_TIM_TriggerCallback  stm32f1xx_hal_tim.o
    0x080036a2   0x080036a2   0x00000002   Code   RO         4746    i.HAL_UARTEx_RxEventCallback  stm32f1xx_hal_uart.o
    0x080036a4   0x080036a4   0x00000034   Code   RO          570    i.HAL_UART_DMAStopRx  uart_dma.o
    0x080036d8   0x080036d8   0x0000001c   Code   RO          571    i.HAL_UART_EndRxTransfer_IT  uart_dma.o
    0x080036f4   0x080036f4   0x00000002   Code   RO          572    i.HAL_UART_ErrorCallback  uart_dma.o
    0x080036f6   0x080036f6   0x00000002   PAD
    0x080036f8   0x080036f8   0x0000026c   Code   RO         4763    i.HAL_UART_IRQHandler  stm32f1xx_hal_uart.o
    0x08003964   0x08003964   0x00000064   Code   RO         4764    i.HAL_UART_Init     stm32f1xx_hal_uart.o
    0x080039c8   0x080039c8   0x000001a8   Code   RO         1470    i.HAL_UART_MspInit  usart.o
    0x08003b70   0x08003b70   0x0000001c   Code   RO         4768    i.HAL_UART_Receive_DMA  stm32f1xx_hal_uart.o
    0x08003b8c   0x08003b8c   0x0000001c   Code   RO         4769    i.HAL_UART_Receive_IT  stm32f1xx_hal_uart.o
    0x08003ba8   0x08003ba8   0x000000bc   Code   RO          573    i.HAL_UART_RxCpltCallback  uart_dma.o
    0x08003c64   0x08003c64   0x00000002   Code   RO         4771    i.HAL_UART_RxHalfCpltCallback  stm32f1xx_hal_uart.o
    0x08003c66   0x08003c66   0x000000a0   Code   RO         4772    i.HAL_UART_Transmit  stm32f1xx_hal_uart.o
    0x08003d06   0x08003d06   0x00000002   PAD
    0x08003d08   0x08003d08   0x00000078   Code   RO         4773    i.HAL_UART_Transmit_DMA  stm32f1xx_hal_uart.o
    0x08003d80   0x08003d80   0x0000007c   Code   RO          574    i.HAL_UART_TxCpltCallback  uart_dma.o
    0x08003dfc   0x08003dfc   0x00000002   Code   RO         4776    i.HAL_UART_TxHalfCpltCallback  stm32f1xx_hal_uart.o
    0x08003dfe   0x08003dfe   0x00000002   Code   RO         1530    i.HardFault_Handler  stm32f1xx_it.o
    0x08003e00   0x08003e00   0x0000002e   Code   RO         3056    i.I2C_IsAcknowledgeFailed  stm32f1xx_hal_i2c.o
    0x08003e2e   0x08003e2e   0x00000002   PAD
    0x08003e30   0x08003e30   0x000000a8   Code   RO         3067    i.I2C_RequestMemoryWrite  stm32f1xx_hal_i2c.o
    0x08003ed8   0x08003ed8   0x00000056   Code   RO         3071    i.I2C_WaitOnBTFFlagUntilTimeout  stm32f1xx_hal_i2c.o
    0x08003f2e   0x08003f2e   0x00000002   PAD
    0x08003f30   0x08003f30   0x00000090   Code   RO         3072    i.I2C_WaitOnFlagUntilTimeout  stm32f1xx_hal_i2c.o
    0x08003fc0   0x08003fc0   0x000000bc   Code   RO         3073    i.I2C_WaitOnMasterAddressFlagUntilTimeout  stm32f1xx_hal_i2c.o
    0x0800407c   0x0800407c   0x00000056   Code   RO         3075    i.I2C_WaitOnTXEFlagUntilTimeout  stm32f1xx_hal_i2c.o
    0x080040d2   0x080040d2   0x00000002   PAD
    0x080040d4   0x080040d4   0x000000bc   Code   RO         1005    i.LEDSHOW           led_show.o
    0x08004190   0x08004190   0x00000018   Code   RO         1006    i.LED_Clear         led_show.o
    0x080041a8   0x080041a8   0x00000068   Code   RO         1008    i.LED_Loop1         led_show.o
    0x08004210   0x08004210   0x00000050   Code   RO         1201    i.MX_ADC1_Init      adc.o
    0x08004260   0x08004260   0x0000006c   Code   RO         1241    i.MX_DMA_Init       dma.o
    0x080042cc   0x080042cc   0x000001a8   Code   RO         1175    i.MX_GPIO_Init      gpio.o
    0x08004474   0x08004474   0x00000040   Code   RO         1267    i.MX_I2C2_Init      i2c.o
    0x080044b4   0x080044b4   0x00000048   Code   RO         1309    i.MX_SPI1_Init      spi.o
    0x080044fc   0x080044fc   0x00000044   Code   RO         1310    i.MX_SPI2_Init      spi.o
    0x08004540   0x08004540   0x000000a0   Code   RO         1362    i.MX_TIM1_Init      tim.o
    0x080045e0   0x080045e0   0x000000b4   Code   RO         1363    i.MX_TIM2_Init      tim.o
    0x08004694   0x08004694   0x0000006c   Code   RO         1364    i.MX_TIM3_Init      tim.o
    0x08004700   0x08004700   0x000000a8   Code   RO         1365    i.MX_TIM4_Init      tim.o
    0x080047a8   0x080047a8   0x00000064   Code   RO         1366    i.MX_TIM5_Init      tim.o
    0x0800480c   0x0800480c   0x00000044   Code   RO         1367    i.MX_TIM6_Init      tim.o
    0x08004850   0x08004850   0x00000044   Code   RO         1368    i.MX_TIM7_Init      tim.o
    0x08004894   0x08004894   0x0000006c   Code   RO         1369    i.MX_TIM8_Init      tim.o
    0x08004900   0x08004900   0x00000038   Code   RO         1471    i.MX_USART1_UART_Init  usart.o
    0x08004938   0x08004938   0x00000038   Code   RO         1472    i.MX_USART3_UART_Init  usart.o
    0x08004970   0x08004970   0x00000002   Code   RO         1531    i.MemManage_Handler  stm32f1xx_it.o
    0x08004972   0x08004972   0x00000002   PAD
    0x08004974   0x08004974   0x00000080   Code   RO          250    i.Moto_Ctrl_Init    motor_drive.o
    0x080049f4   0x080049f4   0x0000001c   Code   RO          320    i.Music_Init        music.o
    0x08004a10   0x08004a10   0x00000002   Code   RO          321    i.Music_Menu_Off    music.o
    0x08004a12   0x08004a12   0x00000002   Code   RO          322    i.Music_Menu_On     music.o
    0x08004a14   0x08004a14   0x00000074   Code   RO          323    i.Music_PWM_Init    music.o
    0x08004a88   0x08004a88   0x00000010   Code   RO          324    i.Music_PWM_Start   music.o
    0x08004a98   0x08004a98   0x00000010   Code   RO          325    i.Music_PWM_Stop    music.o
    0x08004aa8   0x08004aa8   0x00000038   Code   RO          327    i.Music_Play        music.o
    0x08004ae0   0x08004ae0   0x0000000c   Code   RO          328    i.Music_PlayStartupSound  music.o
    0x08004aec   0x08004aec   0x00000064   Code   RO          329    i.Music_Process     music.o
    0x08004b50   0x08004b50   0x0000003c   Code   RO          331    i.Music_SetFrequency  music.o
    0x08004b8c   0x08004b8c   0x00000014   Code   RO          333    i.Music_Stop        music.o
    0x08004ba0   0x08004ba0   0x00000002   Code   RO         1532    i.NMI_Handler       stm32f1xx_it.o
    0x08004ba2   0x08004ba2   0x00000002   PAD
    0x08004ba4   0x08004ba4   0x0000009c   Code   RO          429    i.OLED_ShowAscii    oled_i2c.o
    0x08004c40   0x08004c40   0x00000022   Code   RO          431    i.OLED_address      oled_i2c.o
    0x08004c62   0x08004c62   0x00000028   Code   RO          433    i.OLED_clear        oled_i2c.o
    0x08004c8a   0x08004c8a   0x00000002   PAD
    0x08004c8c   0x08004c8c   0x00000024   Code   RO          434    i.OLED_command      oled_i2c.o
    0x08004cb0   0x08004cb0   0x00000034   Code   RO          435    i.OLED_data         oled_i2c.o
    0x08004ce4   0x08004ce4   0x00000090   Code   RO          436    i.OLED_init         oled_i2c.o
    0x08004d74   0x08004d74   0x00000002   Code   RO         1533    i.PendSV_Handler    stm32f1xx_it.o
    0x08004d76   0x08004d76   0x00000034   Code   RO         3488    i.SPI_EndRxTxTransaction  stm32f1xx_hal_spi.o
    0x08004daa   0x08004daa   0x00000002   PAD
    0x08004dac   0x08004dac   0x000000b8   Code   RO         3493    i.SPI_WaitFlagStateUntilTimeout  stm32f1xx_hal_spi.o
    0x08004e64   0x08004e64   0x00000002   Code   RO         1534    i.SVC_Handler       stm32f1xx_it.o
    0x08004e66   0x08004e66   0x00000002   PAD
    0x08004e68   0x08004e68   0x00000028   Code   RO           16    i.Show_Unique_ID    common.o
    0x08004e90   0x08004e90   0x00000030   Code   RO          514    i.Speed_Calculate   speed_encoder.o
    0x08004ec0   0x08004ec0   0x0000002c   Code   RO          515    i.Speed_Encoder_Init  speed_encoder.o
    0x08004eec   0x08004eec   0x00000038   Code   RO          516    i.Speed_Encoder_Update  speed_encoder.o
    0x08004f24   0x08004f24   0x00000012   Code   RO          575    i.StartAllUartDMAReceive  uart_dma.o
    0x08004f36   0x08004f36   0x00000002   PAD
    0x08004f38   0x08004f38   0x00000024   Code   RO          576    i.StartUartByIndex  uart_dma.o
    0x08004f5c   0x08004f5c   0x00000050   Code   RO          251    i.Steer_Moto_Ctrl   motor_drive.o
    0x08004fac   0x08004fac   0x00000138   Code   RO          252    i.Steer_Moto_Init   motor_drive.o
    0x080050e4   0x080050e4   0x00000004   Code   RO         1535    i.SysTick_Handler   stm32f1xx_it.o
    0x080050e8   0x080050e8   0x0000007a   Code   RO         1133    i.SystemClock_Config  main.o
    0x08005162   0x08005162   0x00000002   Code   RO         5098    i.SystemInit        system_stm32f1xx.o
    0x08005164   0x08005164   0x00000040   Code   RO           17    i.System_Init       common.o
    0x080051a4   0x080051a4   0x00000030   Code   RO           18    i.System_Timer_Start  common.o
    0x080051d4   0x080051d4   0x0000000c   Code   RO         1536    i.TIM5_IRQHandler   stm32f1xx_it.o
    0x080051e0   0x080051e0   0x0000000c   Code   RO         1537    i.TIM6_IRQHandler   stm32f1xx_it.o
    0x080051ec   0x080051ec   0x0000000c   Code   RO         1538    i.TIM7_IRQHandler   stm32f1xx_it.o
    0x080051f8   0x080051f8   0x0000009c   Code   RO         3856    i.TIM_Base_SetConfig  stm32f1xx_hal_tim.o
    0x08005294   0x08005294   0x0000001a   Code   RO         3857    i.TIM_CCxChannelCmd  stm32f1xx_hal_tim.o
    0x080052ae   0x080052ae   0x00000014   Code   RO         3867    i.TIM_ETR_SetConfig  stm32f1xx_hal_tim.o
    0x080052c2   0x080052c2   0x00000010   Code   RO         3868    i.TIM_ITRx_SetConfig  stm32f1xx_hal_tim.o
    0x080052d2   0x080052d2   0x00000002   PAD
    0x080052d4   0x080052d4   0x00000060   Code   RO         3869    i.TIM_OC1_SetConfig  stm32f1xx_hal_tim.o
    0x08005334   0x08005334   0x0000006c   Code   RO         3870    i.TIM_OC2_SetConfig  stm32f1xx_hal_tim.o
    0x080053a0   0x080053a0   0x00000068   Code   RO         3871    i.TIM_OC3_SetConfig  stm32f1xx_hal_tim.o
    0x08005408   0x08005408   0x00000050   Code   RO         3872    i.TIM_OC4_SetConfig  stm32f1xx_hal_tim.o
    0x08005458   0x08005458   0x00000022   Code   RO         3874    i.TIM_TI1_ConfigInputStage  stm32f1xx_hal_tim.o
    0x0800547a   0x0800547a   0x00000024   Code   RO         3876    i.TIM_TI2_ConfigInputStage  stm32f1xx_hal_tim.o
    0x0800549e   0x0800549e   0x00000012   Code   RO          579    i.TxRxDataCallback  uart_dma.o
    0x080054b0   0x080054b0   0x00000010   Code   RO         4777    i.UART_DMAAbortOnError  stm32f1xx_hal_uart.o
    0x080054c0   0x080054c0   0x0000004a   Code   RO         4778    i.UART_DMAError     stm32f1xx_hal_uart.o
    0x0800550a   0x0800550a   0x00000086   Code   RO         4779    i.UART_DMAReceiveCplt  stm32f1xx_hal_uart.o
    0x08005590   0x08005590   0x0000001e   Code   RO         4781    i.UART_DMARxHalfCplt  stm32f1xx_hal_uart.o
    0x080055ae   0x080055ae   0x00000042   Code   RO         4783    i.UART_DMATransmitCplt  stm32f1xx_hal_uart.o
    0x080055f0   0x080055f0   0x0000000a   Code   RO         4785    i.UART_DMATxHalfCplt  stm32f1xx_hal_uart.o
    0x080055fa   0x080055fa   0x0000004e   Code   RO         4787    i.UART_EndRxTransfer  stm32f1xx_hal_uart.o
    0x08005648   0x08005648   0x0000001c   Code   RO         4788    i.UART_EndTxTransfer  stm32f1xx_hal_uart.o
    0x08005664   0x08005664   0x000000c2   Code   RO         4789    i.UART_Receive_IT   stm32f1xx_hal_uart.o
    0x08005726   0x08005726   0x00000002   PAD
    0x08005728   0x08005728   0x000000b8   Code   RO         4790    i.UART_SetConfig    stm32f1xx_hal_uart.o
    0x080057e0   0x080057e0   0x00000090   Code   RO         4791    i.UART_Start_Receive_DMA  stm32f1xx_hal_uart.o
    0x08005870   0x08005870   0x00000036   Code   RO         4792    i.UART_Start_Receive_IT  stm32f1xx_hal_uart.o
    0x080058a6   0x080058a6   0x00000072   Code   RO         4793    i.UART_WaitOnFlagUntilTimeout  stm32f1xx_hal_uart.o
    0x08005918   0x08005918   0x00000018   Code   RO         1539    i.USART1_IRQHandler  stm32f1xx_it.o
    0x08005930   0x08005930   0x00000018   Code   RO         1540    i.USART3_IRQHandler  stm32f1xx_it.o
    0x08005948   0x08005948   0x00000004   Code   RO          580    i.Uart1_RxDataCallback  uart_dma.o
    0x0800594c   0x0800594c   0x00000004   Code   RO          581    i.Uart1_TxDataCallback  uart_dma.o
    0x08005950   0x08005950   0x00000004   Code   RO          584    i.Uart3_RxDataCallback  uart_dma.o
    0x08005954   0x08005954   0x00000004   Code   RO          585    i.Uart3_TxDataCallback  uart_dma.o
    0x08005958   0x08005958   0x00000064   Code   RO         1078    i.UartCtrl_RxDataCallback  user_command.o
    0x080059bc   0x080059bc   0x00000090   Code   RO          588    i.Uart_Buf_Init     uart_dma.o
    0x08005a4c   0x08005a4c   0x00000134   Code   RO          590    i.Uart_RxIDLE_Handler  uart_dma.o
    0x08005b80   0x08005b80   0x000000ac   Code   RO          939    i.UltrasonicWave_Echo  ultrasonicwave.o
    0x08005c2c   0x08005c2c   0x00000048   Code   RO          940    i.UltrasonicWave_Init  ultrasonicwave.o
    0x08005c74   0x08005c74   0x00000014   Code   RO          941    i.UltrasonicWave_Menu  ultrasonicwave.o
    0x08005c88   0x08005c88   0x0000007c   Code   RO          942    i.UltrasonicWave_Process  ultrasonicwave.o
    0x08005d04   0x08005d04   0x0000007c   Code   RO          943    i.UltrasonicWave_ShowDistance  ultrasonicwave.o
    0x08005d80   0x08005d80   0x00000078   Code   RO          944    i.UltrasonicWave_Trig_Start  ultrasonicwave.o
    0x08005df8   0x08005df8   0x00000060   Code   RO          945    i.UltrasonicWave_Trig_Stop  ultrasonicwave.o
    0x08005e58   0x08005e58   0x00000002   Code   RO         1541    i.UsageFault_Handler  stm32f1xx_it.o
    0x08005e5a   0x08005e5a   0x00000086   Code   RO         1080    i.UserCmdParse      user_command.o
    0x08005ee0   0x08005ee0   0x0000002c   Code   RO         1081    i.UserCtrlCmdCallback  user_command.o
    0x08005f0c   0x08005f0c   0x00000054   Code   RO         1009    i.UserLEDShowProcess  led_show.o
    0x08005f60   0x08005f60   0x00000004   Code   RO         1010    i.UserLED_Init      led_show.o
    0x08005f64   0x08005f64   0x00000044   Code   RO         1011    i.UserLED_Show_Menu  led_show.o
    0x08005fa8   0x08005fa8   0x00000022   Code   RO           19    i.UserTasks         common.o
    0x08005fca   0x08005fca   0x00000002   PAD
    0x08005fcc   0x08005fcc   0x00000020   Code   RO         5382    i.__0printf         mc_w.l(printfa.o)
    0x08005fec   0x08005fec   0x00000028   Code   RO         5384    i.__0sprintf        mc_w.l(printfa.o)
    0x08006014   0x08006014   0x00000020   Code   RO         2515    i.__NVIC_SetPriority  stm32f1xx_hal_cortex.o
    0x08006034   0x08006034   0x0000000e   Code   RO         5470    i.__scatterload_copy  mc_w.l(handlers.o)
    0x08006042   0x08006042   0x00000002   Code   RO         5471    i.__scatterload_null  mc_w.l(handlers.o)
    0x08006044   0x08006044   0x0000000e   Code   RO         5472    i.__scatterload_zeroinit  mc_w.l(handlers.o)
    0x08006052   0x08006052   0x00000002   PAD
    0x08006054   0x08006054   0x00000184   Code   RO         5389    i._fp_digits        mc_w.l(printfa.o)
    0x080061d8   0x080061d8   0x000006dc   Code   RO         5390    i._printf_core      mc_w.l(printfa.o)
    0x080068b4   0x080068b4   0x00000024   Code   RO         5391    i._printf_post_padding  mc_w.l(printfa.o)
    0x080068d8   0x080068d8   0x0000002e   Code   RO         5392    i._printf_pre_padding  mc_w.l(printfa.o)
    0x08006906   0x08006906   0x0000000a   Code   RO         5394    i._sputc            mc_w.l(printfa.o)
    0x08006910   0x08006910   0x00000018   Code   RO           20    i.fputc             common.o
    0x08006928   0x08006928   0x00000056   Code   RO         1134    i.main              main.o
    0x0800697e   0x0800697e   0x0000001c   Data   RO          334    .constdata          music.o
    0x0800699a   0x0800699a   0x00000002   PAD
    0x0800699c   0x0800699c   0x00000647   Data   RO          438    .constdata          oled_i2c.o
    0x08006fe3   0x08006fe3   0x00000001   PAD
    0x08006fe4   0x08006fe4   0x00000120   Data   RO          592    .constdata          uart_dma.o
    0x08007104   0x08007104   0x0000032c   Data   RO          889    .constdata          ctrl_menu.o
    0x08007430   0x08007430   0x00000090   Data   RO         1012    .constdata          led_show.o
    0x080074c0   0x080074c0   0x00000012   Data   RO         2213    .constdata          stm32f1xx_hal_rcc.o
    0x080074d2   0x080074d2   0x00000010   Data   RO         5099    .constdata          system_stm32f1xx.o
    0x080074e2   0x080074e2   0x00000008   Data   RO         5100    .constdata          system_stm32f1xx.o
    0x080074ea   0x080074ea   0x00000002   PAD
    0x080074ec   0x080074ec   0x00000020   Data   RO         5468    Region$$Table       anon$$obj.o


    Execution Region RW_IRAM1 (Exec base: 0x20000000, Load base: 0x0800750c, Size: 0x00001240, Max: 0x0000c000, ABSOLUTE, COMPRESSED[0x00000138])

    Exec Addr    Load Addr    Size         Type   Attr      Idx    E Section Name        Object

    0x20000000   COMPRESSED   0x0000000c   Data   RW           22    .data               common.o
    0x2000000c   COMPRESSED   0x00000044   Data   RW          255    .data               motor_drive.o
    0x20000050   COMPRESSED   0x00000014   Data   RW          335    .data               music.o
    0x20000064   COMPRESSED   0x0000000c   Data   RW          439    .data               oled_i2c.o
    0x20000070   COMPRESSED   0x0000002c   Data   RW          519    .data               speed_encoder.o
    0x2000009c   COMPRESSED   0x0000028c   Data   RW          763    .data               car_control.o
    0x20000328   COMPRESSED   0x00000008   Data   RW          890    .data               ctrl_menu.o
    0x20000330   COMPRESSED   0x00000038   Data   RW          946    .data               ultrasonicwave.o
    0x20000368   COMPRESSED   0x0000003a   Data   RW         1013    .data               led_show.o
    0x200003a2   COMPRESSED   0x00000002   PAD
    0x200003a4   COMPRESSED   0x00000030   Data   RW         1083    .data               user_command.o
    0x200003d4   COMPRESSED   0x0000000c   Data   RW         2050    .data               stm32f1xx_hal.o
    0x200003e0   COMPRESSED   0x00000004   Data   RW         5101    .data               system_stm32f1xx.o
    0x200003e4   COMPRESSED   0x00000004   Data   RW         5442    .data               mc_w.l(stdout.o)
    0x200003e8        -       0x00000019   Zero   RW           21    .bss                common.o
    0x20000401   COMPRESSED   0x00000003   PAD
    0x20000404        -       0x00000490   Zero   RW          591    .bss                uart_dma.o
    0x20000894        -       0x0000000e   Zero   RW          762    .bss                car_control.o
    0x200008a2        -       0x00000040   Zero   RW         1082    .bss                user_command.o
    0x200008e2   COMPRESSED   0x00000002   PAD
    0x200008e4        -       0x00000074   Zero   RW         1202    .bss                adc.o
    0x20000958        -       0x00000054   Zero   RW         1268    .bss                i2c.o
    0x200009ac        -       0x000000b0   Zero   RW         1311    .bss                spi.o
    0x20000a5c        -       0x00000240   Zero   RW         1370    .bss                tim.o
    0x20000c9c        -       0x000001a0   Zero   RW         1473    .bss                usart.o
    0x20000e3c   COMPRESSED   0x00000004   PAD
    0x20000e40        -       0x00000400   Zero   RW            1    STACK               startup_stm32f103xe.o


==============================================================================

Image component sizes


      Code (inc. data)   RO Data    RW Data    ZI Data      Debug   Object Name

       236         28          0          0        116       1687   adc.o
       976        116          0        652         14      11156   car_control.o
       658        134          0         12         25     529996   common.o
       448         64        812          8          0       4266   ctrl_menu.o
       108          4          0          0          0        758   dma.o
       424         28          0          0          0       1059   gpio.o
       160         28          0          0         84       1569   i2c.o
       472         38        144         58          0       5158   led_show.o
       212          0          0          0          0       1996   main.o
      1164         88          0         68          0       6134   motor_drive.o
       428         54         28         20          0       7075   music.o
       462         14       1607         12          0       4433   oled_i2c.o
       148         22          0         44          0       3495   speed_encoder.o
       316         40          0          0        176       2222   spi.o
        36          8        304          0       1024        788   startup_stm32f103xe.o
       128         24          0         12          0       5801   stm32f1xx_hal.o
       850         28          0          0          0       5139   stm32f1xx_hal_adc.o
         2          0          0          0          0       1029   stm32f1xx_hal_adc_ex.o
       232         14          0          0          0      29509   stm32f1xx_hal_cortex.o
      1236         52          0          0          0       5014   stm32f1xx_hal_dma.o
       548         48          0          0          0       4050   stm32f1xx_hal_gpio.o
      1414         32          0          0          0       9255   stm32f1xx_hal_i2c.o
        60          8          0          0          0        842   stm32f1xx_hal_msp.o
      1240         84         18          0          0       5020   stm32f1xx_hal_rcc.o
       236         12          0          0          0       1356   stm32f1xx_hal_rcc_ex.o
       772          4          0          0          0       4274   stm32f1xx_hal_spi.o
      2358        108          0          0          0      18633   stm32f1xx_hal_tim.o
       212         20          0          0          0       3113   stm32f1xx_hal_tim_ex.o
      2188         38          0          0          0      16637   stm32f1xx_hal_uart.o
       208         66          0          0          0      10612   stm32f1xx_it.o
         2          0         24          4          0       1071   system_stm32f1xx.o
      1540        152          0          0        576       8159   tim.o
      1178         76        288          0       1168      12047   uart_dma.o
       728         66          0         56          0       5320   ultrasonicwave.o
       536         50          0          0        416       2663   usart.o
       318         32          0         48         64       4171   user_command.o

    ----------------------------------------------------------------------
     22278       1580       3262        996       3672     735507   Object Totals
         0          0         32          0          0          0   (incl. Generated)
        44          0          5          2          9          0   (incl. Padding)

    ----------------------------------------------------------------------

      Code (inc. data)   RO Data    RW Data    ZI Data      Debug   Library Member Name

        86          0          0          0          0          0   __dczerorl2.o
         0          0          0          0          0          0   entry.o
         0          0          0          0          0          0   entry10a.o
         0          0          0          0          0          0   entry11a.o
         8          4          0          0          0          0   entry2.o
         4          0          0          0          0          0   entry5.o
         0          0          0          0          0          0   entry7b.o
         0          0          0          0          0          0   entry8b.o
         8          4          0          0          0          0   entry9a.o
        30          0          0          0          0          0   handlers.o
        36          8          0          0          0         68   init.o
         0          0          0          0          0          0   iusefp.o
        30          0          0          0          0         68   llshl.o
        36          0          0          0          0         68   llsshr.o
        32          0          0          0          0         68   llushr.o
        36          0          0          0          0        108   memseta.o
      2308         96          0          0          0        604   printfa.o
         0          0          0          4          0          0   stdout.o
        42          0          0          0          0         84   strcasecmp.o
        14          0          0          0          0         68   strlen.o
        50          0          0          0          0         84   strncasecmp.o
        12          0          0          0          0         68   tolower.o
        44          0          0          0          0         80   uidiv.o
        98          0          0          0          0         92   uldiv.o
        48          0          0          0          0         68   cdrcmple.o
       334          0          0          0          0        148   dadd.o
       222          0          0          0          0        100   ddiv.o
       186          0          0          0          0        176   depilogue.o
        48          0          0          0          0         68   dfixul.o
        26          0          0          0          0         76   dfltui.o
       228          0          0          0          0         96   dmul.o
       176          0          0          0          0        140   fadd.o
       110          0          0          0          0        168   fepilogue.o
        50          0          0          0          0         68   ffixi.o
        18          0          0          0          0         68   fflti.o
       100          0          0          0          0         76   fmul.o

    ----------------------------------------------------------------------
      4424        112          0          4          0       2712   Library Totals
         4          0          0          0          0          0   (incl. Padding)

    ----------------------------------------------------------------------

      Code (inc. data)   RO Data    RW Data    ZI Data      Debug   Library Name

      2874        112          0          4          0       1460   mc_w.l
      1546          0          0          0          0       1252   mf_w.l

    ----------------------------------------------------------------------
      4424        112          0          4          0       2712   Library Totals

    ----------------------------------------------------------------------

==============================================================================


      Code (inc. data)   RO Data    RW Data    ZI Data      Debug   

     26702       1692       3262       1000       3672     724879   Grand Totals
     26702       1692       3262        312       3672     724879   ELF Image Totals (compressed)
     26702       1692       3262        312          0          0   ROM Totals

==============================================================================

    Total RO  Size (Code + RO Data)                29964 (  29.26kB)
    Total RW  Size (RW Data + ZI Data)              4672 (   4.56kB)
    Total ROM Size (Code + RO Data + RW Data)      30276 (  29.57kB)

==============================================================================

